Archive member included because of file (symbol)

/usr/lib/gcc/arm-none-eabi/4.8.2/../../../arm-none-eabi/lib/armv7e-m/fpu/libm.a(lib_a-sf_cos.o)
                              obj/main/physics.o (cosf)
/usr/lib/gcc/arm-none-eabi/4.8.2/../../../arm-none-eabi/lib/armv7e-m/fpu/libm.a(lib_a-sf_sin.o)
                              obj/main/physics.o (sinf)
/usr/lib/gcc/arm-none-eabi/4.8.2/../../../arm-none-eabi/lib/armv7e-m/fpu/libm.a(lib_a-w_fmod.o)
                              obj/main/dr.o (fmod)
/usr/lib/gcc/arm-none-eabi/4.8.2/../../../arm-none-eabi/lib/armv7e-m/fpu/libm.a(lib_a-wf_atan2.o)
                              obj/main/physics.o (atan2f)
/usr/lib/gcc/arm-none-eabi/4.8.2/../../../arm-none-eabi/lib/armv7e-m/fpu/libm.a(lib_a-wf_sqrt.o)
                              obj/main/bangbang.o (sqrtf)
/usr/lib/gcc/arm-none-eabi/4.8.2/../../../arm-none-eabi/lib/armv7e-m/fpu/libm.a(lib_a-e_fmod.o)
                              /usr/lib/gcc/arm-none-eabi/4.8.2/../../../arm-none-eabi/lib/armv7e-m/fpu/libm.a(lib_a-w_fmod.o) (__ieee754_fmod)
/usr/lib/gcc/arm-none-eabi/4.8.2/../../../arm-none-eabi/lib/armv7e-m/fpu/libm.a(lib_a-ef_atan2.o)
                              /usr/lib/gcc/arm-none-eabi/4.8.2/../../../arm-none-eabi/lib/armv7e-m/fpu/libm.a(lib_a-wf_atan2.o) (__ieee754_atan2f)
/usr/lib/gcc/arm-none-eabi/4.8.2/../../../arm-none-eabi/lib/armv7e-m/fpu/libm.a(lib_a-ef_rem_pio2.o)
                              /usr/lib/gcc/arm-none-eabi/4.8.2/../../../arm-none-eabi/lib/armv7e-m/fpu/libm.a(lib_a-sf_cos.o) (__ieee754_rem_pio2f)
/usr/lib/gcc/arm-none-eabi/4.8.2/../../../arm-none-eabi/lib/armv7e-m/fpu/libm.a(lib_a-ef_sqrt.o)
                              /usr/lib/gcc/arm-none-eabi/4.8.2/../../../arm-none-eabi/lib/armv7e-m/fpu/libm.a(lib_a-wf_sqrt.o) (__ieee754_sqrtf)
/usr/lib/gcc/arm-none-eabi/4.8.2/../../../arm-none-eabi/lib/armv7e-m/fpu/libm.a(lib_a-kf_cos.o)
                              /usr/lib/gcc/arm-none-eabi/4.8.2/../../../arm-none-eabi/lib/armv7e-m/fpu/libm.a(lib_a-sf_cos.o) (__kernel_cosf)
/usr/lib/gcc/arm-none-eabi/4.8.2/../../../arm-none-eabi/lib/armv7e-m/fpu/libm.a(lib_a-kf_rem_pio2.o)
                              /usr/lib/gcc/arm-none-eabi/4.8.2/../../../arm-none-eabi/lib/armv7e-m/fpu/libm.a(lib_a-ef_rem_pio2.o) (__kernel_rem_pio2f)
/usr/lib/gcc/arm-none-eabi/4.8.2/../../../arm-none-eabi/lib/armv7e-m/fpu/libm.a(lib_a-kf_sin.o)
                              /usr/lib/gcc/arm-none-eabi/4.8.2/../../../arm-none-eabi/lib/armv7e-m/fpu/libm.a(lib_a-sf_cos.o) (__kernel_sinf)
/usr/lib/gcc/arm-none-eabi/4.8.2/../../../arm-none-eabi/lib/armv7e-m/fpu/libm.a(lib_a-s_fpclassify.o)
                              /usr/lib/gcc/arm-none-eabi/4.8.2/../../../arm-none-eabi/lib/armv7e-m/fpu/libm.a(lib_a-w_fmod.o) (__fpclassifyd)
/usr/lib/gcc/arm-none-eabi/4.8.2/../../../arm-none-eabi/lib/armv7e-m/fpu/libm.a(lib_a-s_lib_ver.o)
                              /usr/lib/gcc/arm-none-eabi/4.8.2/../../../arm-none-eabi/lib/armv7e-m/fpu/libm.a(lib_a-w_fmod.o) (__fdlib_version)
/usr/lib/gcc/arm-none-eabi/4.8.2/../../../arm-none-eabi/lib/armv7e-m/fpu/libm.a(lib_a-s_matherr.o)
                              /usr/lib/gcc/arm-none-eabi/4.8.2/../../../arm-none-eabi/lib/armv7e-m/fpu/libm.a(lib_a-w_fmod.o) (matherr)
/usr/lib/gcc/arm-none-eabi/4.8.2/../../../arm-none-eabi/lib/armv7e-m/fpu/libm.a(lib_a-sf_atan.o)
                              /usr/lib/gcc/arm-none-eabi/4.8.2/../../../arm-none-eabi/lib/armv7e-m/fpu/libm.a(lib_a-ef_atan2.o) (atanf)
/usr/lib/gcc/arm-none-eabi/4.8.2/../../../arm-none-eabi/lib/armv7e-m/fpu/libm.a(lib_a-sf_fabs.o)
                              /usr/lib/gcc/arm-none-eabi/4.8.2/../../../arm-none-eabi/lib/armv7e-m/fpu/libm.a(lib_a-ef_atan2.o) (fabsf)
/usr/lib/gcc/arm-none-eabi/4.8.2/../../../arm-none-eabi/lib/armv7e-m/fpu/libm.a(lib_a-sf_floor.o)
                              /usr/lib/gcc/arm-none-eabi/4.8.2/../../../arm-none-eabi/lib/armv7e-m/fpu/libm.a(lib_a-kf_rem_pio2.o) (floorf)
/usr/lib/gcc/arm-none-eabi/4.8.2/../../../arm-none-eabi/lib/armv7e-m/fpu/libm.a(lib_a-sf_fpclassify.o)
                              /usr/lib/gcc/arm-none-eabi/4.8.2/../../../arm-none-eabi/lib/armv7e-m/fpu/libm.a(lib_a-wf_sqrt.o) (__fpclassifyf)
/usr/lib/gcc/arm-none-eabi/4.8.2/../../../arm-none-eabi/lib/armv7e-m/fpu/libm.a(lib_a-sf_scalbn.o)
                              /usr/lib/gcc/arm-none-eabi/4.8.2/../../../arm-none-eabi/lib/armv7e-m/fpu/libm.a(lib_a-kf_rem_pio2.o) (scalbnf)
/usr/lib/gcc/arm-none-eabi/4.8.2/../../../arm-none-eabi/lib/armv7e-m/fpu/libm.a(lib_a-sf_copysign.o)
                              /usr/lib/gcc/arm-none-eabi/4.8.2/../../../arm-none-eabi/lib/armv7e-m/fpu/libm.a(lib_a-sf_scalbn.o) (copysignf)
/usr/lib/gcc/arm-none-eabi/4.8.2/armv7e-m/fpu/libgcc.a(_arm_addsubdf3.o)
                              obj/main/bangbang.o (__aeabi_dadd)
/usr/lib/gcc/arm-none-eabi/4.8.2/armv7e-m/fpu/libgcc.a(_arm_muldivdf3.o)
                              obj/main/dribbler.o (__aeabi_dmul)
[...]
Memory Configuration

Name             Origin             Length             Attributes
flash_region     0x0000000008000000 0x0000000000100000 axrl
sram_region      0x0000000020000000 0x0000000000020000 axrw
ccm_region       0x0000000010000000 0x0000000000010000 axrw
*default*        0x0000000000000000 0xffffffffffffffff

Linker script and memory map

LOAD /usr/lib/gcc/arm-none-eabi/4.8.2/armv7e-m/fpu/crti.o
LOAD /usr/lib/gcc/arm-none-eabi/4.8.2/armv7e-m/fpu/crtbegin.o
LOAD /usr/lib/gcc/arm-none-eabi/4.8.2/../../../arm-none-eabi/lib/armv7e-m/fpu/crt0.o

.exception_vectors
                0x0000000008000000       0x40
 *(.exception_vectors)
 .exception_vectors
                0x0000000008000000       0x40 obj/main/main.o

.interrupt_vectors
                0x0000000008000040      0x148
 *(.interrupt_vectors)
 .interrupt_vectors
                0x0000000008000040      0x148 obj/main/main.o

.text           0x0000000008000188    0x151f0
 *(.text .text.*)
 .text.cdcacm_task
                0x0000000008000188       0xd4 obj/cdcacm/cdcacm.o
 .text.cdcacm_init
                0x000000000800025c       0x68 obj/cdcacm/cdcacm.o
                0x000000000800025c                cdcacm_init
 .text.cdcacm_start
                0x00000000080002c4       0x14 obj/cdcacm/cdcacm.o
                0x00000000080002c4                cdcacm_start
 .text.cdcacm_stop
                0x00000000080002d8       0x2c obj/cdcacm/cdcacm.o
                0x00000000080002d8                cdcacm_stop
 .text.cdcacm_write
                0x0000000008000304       0xa0 obj/cdcacm/cdcacm.o
                0x0000000008000304                cdcacm_write
 .text.xEventGroupCreateStatic
                0x00000000080003a4       0x20 obj/freertos/source/event_groups.o
                0x00000000080003a4                xEventGroupCreateStatic
 .text.xEventGroupWaitBits
                0x00000000080003c4       0xec obj/freertos/source/event_groups.o
                0x00000000080003c4                xEventGroupWaitBits
 .text.xEventGroupSetBits
                0x00000000080004b0       0x84 obj/freertos/source/event_groups.o
                0x00000000080004b0                xEventGroupSetBits
 .text.vListInitialise
                0x0000000008000534       0x18 obj/freertos/source/list.o
                0x0000000008000534                vListInitialise
 .text.vListInitialiseItem
                0x000000000800054c        0x8 obj/freertos/source/list.o
                0x000000000800054c                vListInitialiseItem
 .text.vListInsertEnd
                0x0000000008000554       0x20 obj/freertos/source/list.o
                0x0000000008000554                vListInsertEnd
 .text.vListInsert
                0x0000000008000574       0x34 obj/freertos/source/list.o
                0x0000000008000574                vListInsert
 .text.uxListRemove
                0x00000000080005a8       0x28 obj/freertos/source/list.o
                0x00000000080005a8                uxListRemove
 .text.pxPortInitialiseStack
                0x00000000080005d0       0x4c obj/freertos/source/port.o
                0x00000000080005d0                pxPortInitialiseStack
 .text.__malloc_lock
                0x000000000800061c        0x4 obj/freertos/source/port.o
                0x000000000800061c                __malloc_lock
 .text.__malloc_unlock
                0x0000000008000620        0x4 obj/freertos/source/port.o
                0x0000000008000620                __malloc_unlock
 .text.xPortStartScheduler
                0x0000000008000624       0x30 obj/freertos/source/port.o
                0x0000000008000624                xPortStartScheduler
 .text.portENTER_CRITICAL
                0x0000000008000654       0x44 obj/freertos/source/port.o
                0x0000000008000654                portENTER_CRITICAL
 .text.portEXIT_CRITICAL
                0x0000000008000698       0x18 obj/freertos/source/port.o
                0x0000000008000698                portEXIT_CRITICAL
 .text.portRELAX_CRITICAL_ISR_CHECK
                0x00000000080006b0       0x10 obj/freertos/source/port.o
                0x00000000080006b0                portRELAX_CRITICAL_ISR_CHECK
 .text.vPortSVCHandler
                0x00000000080006c0       0xdc obj/freertos/source/port.o
                0x00000000080006c0                vPortSVCHandler
 .text.vPortPendSVHandler
                0x000000000800079c       0x74 obj/freertos/source/port.o
                0x000000000800079c                vPortPendSVHandler
 .text.vPortSysTickHandler
                0x0000000008000810       0x28 obj/freertos/source/port.o
                0x0000000008000810                vPortSysTickHandler
 .text.prvCopyDataToQueue
                0x0000000008000838       0x80 obj/freertos/source/queue.o
 .text.prvCopyDataFromQueue
                0x00000000080008b8       0x28 obj/freertos/source/queue.o
 .text.prvUnlockQueue
                0x00000000080008e0       0x94 obj/freertos/source/queue.o
 .text.xQueueGenericReset
                0x0000000008000974       0x8c obj/freertos/source/queue.o
                0x0000000008000974                xQueueGenericReset
 .text.xQueueGenericCreateStatic
                0x0000000008000a00       0x90 obj/freertos/source/queue.o
                0x0000000008000a00                xQueueGenericCreateStatic
 .text.xQueueCreateCountingSemaphoreStatic
                0x0000000008000a90       0x38 obj/freertos/source/queue.o
                0x0000000008000a90                xQueueCreateCountingSemaphoreStatic
 .text.xQueueGenericSend
                0x0000000008000ac8      0x15c obj/freertos/source/queue.o
                0x0000000008000ac8                xQueueGenericSend
 .text.xQueueCreateMutexStatic
                0x0000000008000c24       0x2c obj/freertos/source/queue.o
                0x0000000008000c24                xQueueCreateMutexStatic
 .text.xQueueGenericSendFromISR
                0x0000000008000c50       0xa4 obj/freertos/source/queue.o
                0x0000000008000c50                xQueueGenericSendFromISR
 .text.xQueueGiveFromISR
                0x0000000008000cf4       0x8c obj/freertos/source/queue.o
                0x0000000008000cf4                xQueueGiveFromISR
 .text.xQueueGenericReceive
                0x0000000008000d80      0x190 obj/freertos/source/queue.o
                0x0000000008000d80                xQueueGenericReceive
 .text.prvAddCurrentTaskToDelayedList
                0x0000000008000f10       0x84 obj/freertos/source/tasks.o
 .text.prvIdleTask
                0x0000000008000f94       0x2c obj/freertos/source/tasks.o
 .text.prvResetNextTaskUnblockTime
                0x0000000008000fc0       0x24 obj/freertos/source/tasks.o
 .text.xTaskCreateStatic
                0x0000000008000fe4      0x1a4 obj/freertos/source/tasks.o
                0x0000000008000fe4                xTaskCreateStatic
 .text.eTaskGetState
                0x0000000008001188       0x5c obj/freertos/source/tasks.o
                0x0000000008001188                eTaskGetState
 .text.vTaskStartScheduler
                0x00000000080011e4       0x64 obj/freertos/source/tasks.o
                0x00000000080011e4                vTaskStartScheduler
 .text.vTaskSuspendAll
                0x0000000008001248       0x14 obj/freertos/source/tasks.o
                0x0000000008001248                vTaskSuspendAll
 .text.xTaskGetTickCount
                0x000000000800125c        0xc obj/freertos/source/tasks.o
                0x000000000800125c                xTaskGetTickCount
 .text.xTaskIncrementTick
                0x0000000008001268       0xfc obj/freertos/source/tasks.o
                0x0000000008001268                xTaskIncrementTick
 .text.xTaskResumeAll
                0x0000000008001364       0xec obj/freertos/source/tasks.o
                0x0000000008001364                xTaskResumeAll
 .text.vTaskDelayUntil
                0x0000000008001450       0x84 obj/freertos/source/tasks.o
                0x0000000008001450                vTaskDelayUntil
 .text.vTaskDelay
                0x00000000080014d4       0x58 obj/freertos/source/tasks.o
                0x00000000080014d4                vTaskDelay
 .text.vTaskSwitchContext
                0x000000000800152c       0x64 obj/freertos/source/tasks.o
                0x000000000800152c                vTaskSwitchContext
 .text.vTaskSuspend
                0x0000000008001590       0xdc obj/freertos/source/tasks.o
                0x0000000008001590                vTaskSuspend
 .text.vTaskPlaceOnEventList
                0x000000000800166c       0x30 obj/freertos/source/tasks.o
                0x000000000800166c                vTaskPlaceOnEventList
 .text.vTaskPlaceOnUnorderedEventList
                0x000000000800169c       0x48 obj/freertos/source/tasks.o
                0x000000000800169c                vTaskPlaceOnUnorderedEventList
 .text.xTaskRemoveFromEventList
                0x00000000080016e4       0x80 obj/freertos/source/tasks.o
                0x00000000080016e4                xTaskRemoveFromEventList
 .text.xTaskRemoveFromUnorderedEventList
                0x0000000008001764       0x74 obj/freertos/source/tasks.o
                0x0000000008001764                xTaskRemoveFromUnorderedEventList
 .text.vTaskSetTimeOutState
                0x00000000080017d8       0x28 obj/freertos/source/tasks.o
                0x00000000080017d8                vTaskSetTimeOutState
 .text.xTaskCheckForTimeOut
                0x0000000008001800       0x78 obj/freertos/source/tasks.o
                0x0000000008001800                xTaskCheckForTimeOut
 .text.vTaskMissedYield
                0x0000000008001878       0x10 obj/freertos/source/tasks.o
                0x0000000008001878                vTaskMissedYield
 .text.vTaskGetInfo
                0x0000000008001888       0xa4 obj/freertos/source/tasks.o
                0x0000000008001888                vTaskGetInfo
 .text.prvListTasksWithinSingleList.part.4
                0x000000000800192c       0x50 obj/freertos/source/tasks.o
 .text.uxTaskGetSystemState
                0x000000000800197c       0xd4 obj/freertos/source/tasks.o
                0x000000000800197c                uxTaskGetSystemState
 .text.xTaskGetCurrentTaskHandle
                0x0000000008001a50        0xc obj/freertos/source/tasks.o
                0x0000000008001a50                xTaskGetCurrentTaskHandle
 .text.vTaskPriorityInherit
                0x0000000008001a5c       0xa0 obj/freertos/source/tasks.o
                0x0000000008001a5c                vTaskPriorityInherit
 .text.xTaskPriorityDisinherit
                0x0000000008001afc       0xa0 obj/freertos/source/tasks.o
                0x0000000008001afc                xTaskPriorityDisinherit
 .text.uxTaskResetEventItemValue
                0x0000000008001b9c       0x1c obj/freertos/source/tasks.o
                0x0000000008001b9c                uxTaskResetEventItemValue
 .text.pvTaskIncrementMutexHeldCount
                0x0000000008001bb8       0x18 obj/freertos/source/tasks.o
                0x0000000008001bb8                pvTaskIncrementMutexHeldCount
 .text.ulTaskNotifyTake
                0x0000000008001bd0       0x74 obj/freertos/source/tasks.o
                0x0000000008001bd0                ulTaskNotifyTake
 .text.xTaskNotifyWait
                0x0000000008001c44       0x9c obj/freertos/source/tasks.o
                0x0000000008001c44                xTaskNotifyWait
 .text.xTaskGenericNotify
                0x0000000008001ce0       0xcc obj/freertos/source/tasks.o
                0x0000000008001ce0                xTaskGenericNotify
 .text.vTaskNotifyGiveFromISR
                0x0000000008001dac       0xb4 obj/freertos/source/tasks.o
                0x0000000008001dac                vTaskNotifyGiveFromISR
 .text.adc_temperature
                0x0000000008001e60       0x54 obj/main/adc.o
                0x0000000008001e60                adc_temperature
 .text.adc_battery
                0x0000000008001eb4       0x1c obj/main/adc.o
                0x0000000008001eb4                adc_battery
 .text.adc_battery_unfiltered
                0x0000000008001ed0       0x40 obj/main/adc.o
                0x0000000008001ed0                adc_battery_unfiltered
 .text.adc_init
                0x0000000008001f10      0x224 obj/main/adc.o
                0x0000000008001f10                adc_init
 .text.adc_capacitor
                0x0000000008002134       0x58 obj/main/adc.o
                0x0000000008002134                adc_capacitor
 .text.adc_tick
                0x000000000800218c       0x88 obj/main/adc.o
                0x000000000800218c                adc_tick
 .text.adc_breakbeam
                0x0000000008002214       0x44 obj/main/adc.o
                0x0000000008002214                adc_breakbeam
 .text.adc_lps  0x0000000008002258       0x44 obj/main/adc.o
                0x0000000008002258                adc_lps
 .text.PrepareBBTrajectory
                0x000000000800229c       0x8c obj/main/bangbang.o
                0x000000000800229c                PrepareBBTrajectory
 .text.PrepareBBTrajectoryMaxV
                0x0000000008002328       0x8c obj/main/bangbang.o
                0x0000000008002328                PrepareBBTrajectoryMaxV
 .text.BBPositivePlan
                0x00000000080023b4      0x204 obj/main/bangbang.o
                0x00000000080023b4                BBPositivePlan
 .text.PlanBBTrajectory
                0x00000000080025b8       0xc4 obj/main/bangbang.o
                0x00000000080025b8                PlanBBTrajectory
 .text.GetState
                0x000000000800267c      0x11c obj/main/bangbang.o
                0x000000000800267c                GetState
 .text.BBComputeAccel
                0x0000000008002798       0x4c obj/main/bangbang.o
                0x0000000008002798                BBComputeAccel
 .text.BBComputeAvgAccel
                0x00000000080027e4       0x30 obj/main/bangbang.o
                0x00000000080027e4                BBComputeAvgAccel
 .text.breakbeam_difference
                0x0000000008002814       0x24 obj/main/breakbeam.o
                0x0000000008002814                breakbeam_difference
 .text.breakbeam_interrupted
                0x0000000008002838       0x14 obj/main/breakbeam.o
                0x0000000008002838                breakbeam_interrupted
 .text.breakbeam_tick
                0x000000000800284c       0x2c obj/main/breakbeam.o
                0x000000000800284c                breakbeam_tick
 .text.breakbeam_tick_fast
                0x0000000008002878       0x7c obj/main/breakbeam.o
                0x0000000008002878                breakbeam_tick_fast
 .text.charger_init
                0x00000000080028f4       0x88 obj/main/charger.o
                0x00000000080028f4                charger_init
 .text.charger_shutdown
                0x000000000800297c       0x10 obj/main/charger.o
                0x000000000800297c                charger_shutdown
 .text.charger_full
                0x000000000800298c       0x14 obj/main/charger.o
                0x000000000800298c                charger_full
 .text.charger_mark_fired
                0x00000000080029a0       0x1c obj/main/charger.o
                0x00000000080029a0                charger_mark_fired
 .text.charger_enable
                0x00000000080029bc        0xc obj/main/charger.o
                0x00000000080029bc                charger_enable
 .text.charger_tick
                0x00000000080029c8      0x15c obj/main/charger.o
                0x00000000080029c8                charger_tick
 .text.chicker_fire_impl.part.0
                0x0000000008002b24       0xc0 obj/main/chicker.o
 .text.chicker_init
                0x0000000008002be4      0x100 obj/main/chicker.o
                0x0000000008002be4                chicker_init
 .text.chicker_discharge
                0x0000000008002ce4        0xc obj/main/chicker.o
                0x0000000008002ce4                chicker_discharge
 .text.chicker_fire
                0x0000000008002cf0       0x30 obj/main/chicker.o
                0x0000000008002cf0                chicker_fire
 .text.chicker_auto_arm
                0x0000000008002d20       0x28 obj/main/chicker.o
                0x0000000008002d20                chicker_auto_arm
 .text.chicker_auto_disarm
                0x0000000008002d48       0x10 obj/main/chicker.o
                0x0000000008002d48                chicker_auto_disarm
 .text.chicker_auto_armed
                0x0000000008002d58       0x14 obj/main/chicker.o
                0x0000000008002d58                chicker_auto_armed
 .text.chicker_auto_fired_test_clear
                0x0000000008002d6c       0x1c obj/main/chicker.o
                0x0000000008002d6c                chicker_auto_fired_test_clear
 .text.chicker_tick
                0x0000000008002d88      0x138 obj/main/chicker.o
                0x0000000008002d88                chicker_tick
 .text.chicker_shutdown
                0x0000000008002ec0       0x4c obj/main/chicker.o
                0x0000000008002ec0                chicker_shutdown
 .text.chicker_tick_fast
                0x0000000008002f0c       0x3c obj/main/chicker.o
                0x0000000008002f0c                chicker_tick_fast
 .text.circbuff_init
                0x0000000008002f48       0x28 obj/main/circbuff.o
                0x0000000008002f48                circbuff_init
 .text.add_to_circ_buff
                0x0000000008002f70       0x48 obj/main/circbuff.o
                0x0000000008002f70                add_to_circ_buff
 .text.get_from_circ_buff
                0x0000000008002fb8       0x34 obj/main/circbuff.o
                0x0000000008002fb8                get_from_circ_buff
 .text.apply_wheel_force
                0x0000000008002fec       0x98 obj/main/control.o
                0x0000000008002fec                apply_wheel_force
 .text.Clamp    0x0000000008003084       0x2c obj/main/control.o
                0x0000000008003084                Clamp
 .text.apply_accel
                0x00000000080030b0      0x154 obj/main/control.o
                0x00000000080030b0                apply_accel
 .text.track_vel_target
                0x0000000008003204       0x6c obj/main/control.o
                0x0000000008003204                track_vel_target
 .text.dma_init
                0x0000000008003270       0x60 obj/main/dma.o
                0x0000000008003270                dma_init
 .text.dma_check
                0x00000000080032d0       0x40 obj/main/dma.o
                0x00000000080032d0                dma_check
 .text.dma_alloc
                0x0000000008003310        0x8 obj/main/dma.o
                0x0000000008003310                dma_alloc
 .text.dma_free
                0x0000000008003318        0x4 obj/main/dma.o
                0x0000000008003318                dma_free
 .text.dma_get_buffer
                0x000000000800331c        0x8 obj/main/dma.o
                0x000000000800331c                dma_get_buffer
 .text.dr_init  0x0000000008003324       0x34 obj/main/dr.o
                0x0000000008003324                dr_init
 .text.dr_get   0x0000000008003358       0x1c obj/main/dr.o
                0x0000000008003358                dr_get
 .text.dr_get_ball
                0x0000000008003374       0x18 obj/main/dr.o
                0x0000000008003374                dr_get_ball
 .text.dr_setaccel
                0x000000000800338c        0x4 obj/main/dr.o
                0x000000000800338c                dr_setaccel
 .text.dr_set_robot_frame
                0x0000000008003390       0x74 obj/main/dr.o
                0x0000000008003390                dr_set_robot_frame
 *fill*         0x0000000008003404        0x4 
 .text.dr_apply_cam
                0x0000000008003408      0x108 obj/main/dr.o
                0x0000000008003408                dr_apply_cam
 .text.dr_set_ball_frame_timestamp
                0x0000000008003510       0xa4 obj/main/dr.o
                0x0000000008003510                dr_set_ball_frame_timestamp
 .text.dr_set_robot_timestamp
                0x00000000080035b4        0xc obj/main/dr.o
                0x00000000080035b4                dr_set_robot_timestamp
 .text.dr_log   0x00000000080035c0      0x114 obj/main/dr.o
                0x00000000080035c0                dr_log
 .text.dr_tick  0x00000000080036d4      0x154 obj/main/dr.o
                0x00000000080036d4                dr_tick
 .text.update_thermal_model
                0x0000000008003828       0xbc obj/main/dribbler.o
 .text.dribbler_coast
                0x00000000080038e4       0x10 obj/main/dribbler.o
                0x00000000080038e4                dribbler_coast
 .text.dribbler_set_speed
                0x00000000080038f4       0x18 obj/main/dribbler.o
                0x00000000080038f4                dribbler_set_speed
 .text.dribbler_tick
                0x000000000800390c      0x190 obj/main/dribbler.o
                0x000000000800390c                dribbler_tick
 .text.dribbler_temperature
                0x0000000008003a9c        0xc obj/main/dribbler.o
                0x0000000008003a9c                dribbler_temperature
 .text.encoder_tick
                0x0000000008003aa8       0x68 obj/main/encoder.o
                0x0000000008003aa8                encoder_tick
 .text.encoder_init
                0x0000000008003b10      0x1e0 obj/main/encoder.o
                0x0000000008003b10                encoder_init
 .text.encoder_check_commutation_errors
                0x0000000008003cf0       0xa4 obj/main/encoder.o
                0x0000000008003cf0                encoder_check_commutation_errors
 .text.encoder_speed
                0x0000000008003d94       0x24 obj/main/encoder.o
                0x0000000008003d94                encoder_speed
 .text.error_lt_get
                0x0000000008003db8       0x24 obj/main/error.o
                0x0000000008003db8                error_lt_get
 .text.error_lt_set
                0x0000000008003ddc       0x68 obj/main/error.o
                0x0000000008003ddc                error_lt_set
 .text.error_et_fire
                0x0000000008003e44       0x44 obj/main/error.o
                0x0000000008003e44                error_et_fire
 .text.error_any_latched
                0x0000000008003e88       0x24 obj/main/error.o
                0x0000000008003e88                error_any_latched
 .text.error_pre_report
                0x0000000008003eac       0xa0 obj/main/error.o
                0x0000000008003eac                error_pre_report
 .text.error_post_report
                0x0000000008003f4c       0x48 obj/main/error.o
                0x0000000008003f4c                error_post_report
 .text.feedback_task
                0x0000000008003f94      0x2c4 obj/main/feedback.o
 .text.feedback_init
                0x0000000008004258       0x3c obj/main/feedback.o
                0x0000000008004258                feedback_init
 .text.feedback_shutdown
                0x0000000008004294       0x34 obj/main/feedback.o
                0x0000000008004294                feedback_shutdown
 .text.feedback_pend_normal
                0x00000000080042c8       0x14 obj/main/feedback.o
                0x00000000080042c8                feedback_pend_normal
 .text.feedback_pend_has_ball
                0x00000000080042dc       0x38 obj/main/feedback.o
                0x00000000080042dc                feedback_pend_has_ball
 .text.feedback_pend_autokick
                0x0000000008004314       0x14 obj/main/feedback.o
                0x0000000008004314                feedback_pend_autokick
 .text.feedback_pend_build_ids
                0x0000000008004328       0x10 obj/main/feedback.o
                0x0000000008004328                feedback_pend_build_ids
 .text.feedback_tick
                0x0000000008004338       0x4c obj/main/feedback.o
                0x0000000008004338                feedback_tick
 .text.hall_tick
                0x0000000008004384       0x10 obj/main/hall.o
                0x0000000008004384                hall_tick
 .text.hall_lock_wheels
                0x0000000008004394       0x28 obj/main/hall.o
                0x0000000008004394                hall_lock_wheels
 .text.hall_lock_dribbler
                0x00000000080043bc       0x14 obj/main/hall.o
                0x00000000080043bc                hall_lock_dribbler
 .text.hall_speed
                0x00000000080043d0       0x28 obj/main/hall.o
                0x00000000080043d0                hall_speed
 .text.start_next_block
                0x00000000080043f8      0x1d4 obj/main/icb.o
 .text.transact
                0x00000000080045cc       0x64 obj/main/icb.o
 .text.icb_crc_error_isr
                0x0000000008004630        0x8 obj/main/icb.o
 .text.icb_init
                0x0000000008004638       0xc4 obj/main/icb.o
                0x0000000008004638                icb_init
 .text.icb_send
                0x00000000080046fc       0xfc obj/main/icb.o
                0x00000000080046fc                icb_send
 .text.icb_receive
                0x00000000080047f8       0xd8 obj/main/icb.o
                0x00000000080047f8                icb_receive
 .text.irq_task
                0x00000000080048d0       0x60 obj/main/icb.o
 .text.icb_irq_shutdown
                0x0000000008004930       0x14 obj/main/icb.o
                0x0000000008004930                icb_irq_shutdown
 .text.icb_irq_set_vector
                0x0000000008004944       0x24 obj/main/icb.o
                0x0000000008004944                icb_irq_set_vector
 .text.icb_irq_init
                0x0000000008004968       0xa8 obj/main/icb.o
                0x0000000008004968                icb_irq_init
 .text.icb_conf_start
                0x0000000008004a10      0x114 obj/main/icb.o
                0x0000000008004a10                icb_conf_start
 .text.icb_conf_block
                0x0000000008004b24       0x20 obj/main/icb.o
                0x0000000008004b24                icb_conf_block
 .text.icb_conf_end
                0x0000000008004b44       0xc0 obj/main/icb.o
                0x0000000008004b44                icb_conf_end
 .text.spi1_isr
                0x0000000008004c04       0xa0 obj/main/icb.o
                0x0000000008004c04                spi1_isr
 .text.dma2_stream0_isr
                0x0000000008004ca4       0x8c obj/main/icb.o
                0x0000000008004ca4                dma2_stream0_isr
 .text.dma2_stream3_isr
                0x0000000008004d30        0x8 obj/main/icb.o
                0x0000000008004d30                dma2_stream3_isr
 .text.exti0_isr
                0x0000000008004d38       0x44 obj/main/icb.o
                0x0000000008004d38                exti0_isr
 .text.leds_init
                0x0000000008004d7c       0x54 obj/main/leds.o
                0x0000000008004d7c                leds_init
 .text.leds_tick
                0x0000000008004dd0       0xd4 obj/main/leds.o
                0x0000000008004dd0                leds_tick
 .text.leds_test_set_mode
                0x0000000008004ea4       0x10 obj/main/leds.o
                0x0000000008004ea4                leds_test_set_mode
 .text.log_writeout_task
                0x0000000008004eb4       0x9c obj/main/log.o
 .text.log_state
                0x0000000008004f50        0xc obj/main/log.o
                0x0000000008004f50                log_state
 .text.log_last_error
                0x0000000008004f5c        0xc obj/main/log.o
                0x0000000008004f5c                log_last_error
 .text.log_init
                0x0000000008004f68      0x1dc obj/main/log.o
                0x0000000008004f68                log_init
 .text.log_shutdown
                0x0000000008005144      0x104 obj/main/log.o
                0x0000000008005144                log_shutdown
 .text.log_alloc
                0x0000000008005248       0x64 obj/main/log.o
                0x0000000008005248                log_alloc
 .text.log_queue
                0x00000000080052ac       0x58 obj/main/log.o
                0x00000000080052ac                log_queue
 .text.lps_init
                0x0000000008005304       0x1c obj/main/lps.o
                0x0000000008005304                lps_init
 .text.lps_incr
                0x0000000008005320      0x120 obj/main/lps.o
                0x0000000008005320                lps_incr
 .text.lps_tick
                0x0000000008005440      0x130 obj/main/lps.o
                0x0000000008005440                lps_tick
 .text.lps_get_pos
                0x0000000008005570       0x18 obj/main/lps.o
                0x0000000008005570                lps_get_pos
 .text.stm32_main
                0x0000000008005588       0x68 obj/main/main.o
 .text.app_exception_late
                0x00000000080055f0       0x30 obj/main/main.o
 .text.app_exception_early
                0x0000000008005620       0x60 obj/main/main.o
 .text.main_task
                0x0000000008005680      0x688 obj/main/main.o
 .text.usb_control_handler
                0x0000000008005d08       0x74 obj/main/main.o
 .text.vApplicationIdleHook
                0x0000000008005d7c       0x40 obj/main/main.o
                0x0000000008005d7c                vApplicationIdleHook
 .text.main_kick_wdt
                0x0000000008005dbc       0x1c obj/main/main.o
                0x0000000008005dbc                main_kick_wdt
 .text.main_shutdown
                0x0000000008005dd8       0x28 obj/main/main.o
                0x0000000008005dd8                main_shutdown
 .text.main_read_clear_idle_cycles
                0x0000000008005e00       0x18 obj/main/main.o
                0x0000000008005e00                main_read_clear_idle_cycles
 .text.vApplicationGetIdleTaskMemory
                0x0000000008005e18       0x1c obj/main/main.o
                0x0000000008005e18                vApplicationGetIdleTaskMemory
 .text.motor_init
                0x0000000008005e34       0x10 obj/main/motor.o
                0x0000000008005e34                motor_init
 .text.motor_set
                0x0000000008005e44       0x14 obj/main/motor.o
                0x0000000008005e44                motor_set
 .text.motor_force_power
                0x0000000008005e58       0x10 obj/main/motor.o
                0x0000000008005e58                motor_force_power
 .text.motor_tick
                0x0000000008005e68       0xa0 obj/main/motor.o
                0x0000000008005e68                motor_tick
 .text.motor_shutdown
                0x0000000008005f08       0x24 obj/main/motor.o
                0x0000000008005f08                motor_shutdown
 .text.rx_fcs_fail_isr
                0x0000000008005f2c        0x8 obj/main/mrf.o
 .text.rx_isr   0x0000000008005f34       0x10 obj/main/mrf.o
 .text.tx_isr   0x0000000008005f44       0x14 obj/main/mrf.o
 .text.da_isr   0x0000000008005f58       0x14 obj/main/mrf.o
 .text.write_long
                0x0000000008005f6c       0x34 obj/main/mrf.o
 .text.write_short
                0x0000000008005fa0       0x2c obj/main/mrf.o
 .text.init_radio
                0x0000000008005fcc      0x210 obj/main/mrf.o
 .text.mrf_init
                0x00000000080061dc       0x98 obj/main/mrf.o
                0x00000000080061dc                mrf_init
 .text.mrf_shutdown
                0x0000000008006274       0x20 obj/main/mrf.o
                0x0000000008006274                mrf_shutdown
 .text.mrf_pan_id
                0x0000000008006294        0xc obj/main/mrf.o
                0x0000000008006294                mrf_pan_id
 .text.mrf_short_address
                0x00000000080062a0        0xc obj/main/mrf.o
                0x00000000080062a0                mrf_short_address
 .text.mrf_alloc_seqnum
                0x00000000080062ac       0x10 obj/main/mrf.o
                0x00000000080062ac                mrf_alloc_seqnum
 .text.mrf_transmit
                0x00000000080062bc       0x80 obj/main/mrf.o
                0x00000000080062bc                mrf_transmit
 .text.mrf_transmit_cancel
                0x000000000800633c       0x1c obj/main/mrf.o
                0x000000000800633c                mrf_transmit_cancel
 .text.mrf_receive
                0x0000000008006358       0xcc obj/main/mrf.o
                0x0000000008006358                mrf_receive
 .text.mrf_receive_cancel
                0x0000000008006424       0x10 obj/main/mrf.o
                0x0000000008006424                mrf_receive_cancel
 *fill*         0x0000000008006434        0x4 
 .text.min_angle_delta
                0x0000000008006438       0x98 obj/main/physics.o
                0x0000000008006438                min_angle_delta
 .text.matrix_mult
                0x00000000080064d0       0x54 obj/main/physics.o
                0x00000000080064d0                matrix_mult
 .text.matrix_mult_t
                0x0000000008006524       0x5c obj/main/physics.o
                0x0000000008006524                matrix_mult_t
 .text.speed4_to_speed3
                0x0000000008006580       0x20 obj/main/physics.o
                0x0000000008006580                speed4_to_speed3
 .text.speed3_to_speed4
                0x00000000080065a0       0x20 obj/main/physics.o
                0x00000000080065a0                speed3_to_speed4
 .text.vectorSub
                0x00000000080065c0       0x20 obj/main/physics.o
                0x00000000080065c0                vectorSub
 .text.Cart2Pol
                0x00000000080065e0       0x50 obj/main/physics.o
                0x00000000080065e0                Cart2Pol
 .text.CartVel2Pol
                0x0000000008006630       0x58 obj/main/physics.o
                0x0000000008006630                CartVel2Pol
 .text.PolAcc2Cart
                0x0000000008006688       0xa4 obj/main/physics.o
                0x0000000008006688                PolAcc2Cart
 .text.rotate   0x000000000800672c       0x44 obj/main/physics.o
                0x000000000800672c                rotate
 .text.get_maximal_torque_scaling
                0x0000000008006770       0xa8 obj/main/physics.o
                0x0000000008006770                get_maximal_torque_scaling
 .text.get_maximal_accel_scaling
                0x0000000008006818       0x80 obj/main/physics.o
                0x0000000008006818                get_maximal_accel_scaling
 .text.dot_product
                0x0000000008006898       0x18 obj/main/physics.o
                0x0000000008006898                dot_product
 .text.direct_velocity_init
                0x00000000080068b0        0x4 obj/main/primitives/direct_velocity.o
 .text.direct_velocity_end
                0x00000000080068b4        0x4 obj/main/primitives/direct_velocity.o
 .text.direct_velocity_tick
                0x00000000080068b8       0x10 obj/main/primitives/direct_velocity.o
 .text.direct_velocity_start
                0x00000000080068c8       0x64 obj/main/primitives/direct_velocity.o
 .text.direct_wheels_init
                0x000000000800692c        0x4 obj/main/primitives/direct_wheels.o
 .text.direct_wheels_end
                0x0000000008006930        0x4 obj/main/primitives/direct_wheels.o
 .text.direct_wheels_tick
                0x0000000008006934        0x4 obj/main/primitives/direct_wheels.o
 .text.direct_wheels_start
                0x0000000008006938       0x2c obj/main/primitives/direct_wheels.o
 .text.dribble_init
                0x0000000008006964        0x4 obj/main/primitives/dribble.o
 .text.dribble_end
                0x0000000008006968        0x4 obj/main/primitives/dribble.o
 .text.dribble_tick
                0x000000000800696c      0x1a4 obj/main/primitives/dribble.o
 .text.dribble_start
                0x0000000008006b10       0x78 obj/main/primitives/dribble.o
 .text.imu_test_init
                0x0000000008006b88        0x4 obj/main/primitives/imu_test.o
 .text.imu_test_start
                0x0000000008006b8c       0x5c obj/main/primitives/imu_test.o
 .text.imu_test_end
                0x0000000008006be8        0x4 obj/main/primitives/imu_test.o
 .text.imu_test_tick
                0x0000000008006bec       0x10 obj/main/primitives/imu_test.o
 .text.catch_init
                0x0000000008006bfc        0x4 obj/main/primitives/jcatch.o
 .text.catch_start
                0x0000000008006c00       0x34 obj/main/primitives/jcatch.o
 .text.catch_end
                0x0000000008006c34        0x4 obj/main/primitives/jcatch.o
 .text.catch_tick
                0x0000000008006c38      0x210 obj/main/primitives/jcatch.o
 .text.move_init
                0x0000000008006e48        0x4 obj/main/primitives/move.o
 .text.move_end
                0x0000000008006e4c        0x4 obj/main/primitives/move.o
 .text.move_tick
                0x0000000008006e50      0x214 obj/main/primitives/move.o
 .text.move_start
                0x0000000008007064      0x100 obj/main/primitives/move.o
 .text.pivot_init
                0x0000000008007164        0x4 obj/main/primitives/pivot.o
 .text.pivot_end
                0x0000000008007168        0x4 obj/main/primitives/pivot.o
 .text.pivot_tick
                0x000000000800716c      0x230 obj/main/primitives/pivot.o
 .text.pivot_start
                0x000000000800739c       0xe8 obj/main/primitives/pivot.o
 .text.primitive_init
                0x0000000008007484       0x2c obj/main/primitives/primitive.o
                0x0000000008007484                primitive_init
 .text.primitive_start
                0x00000000080074b0       0x64 obj/main/primitives/primitive.o
                0x00000000080074b0                primitive_start
 .text.primitive_tick
                0x0000000008007514       0x4c obj/main/primitives/primitive.o
                0x0000000008007514                primitive_tick
 .text.primitive_is_direct
                0x0000000008007560       0x10 obj/main/primitives/primitive.o
                0x0000000008007560                primitive_is_direct
 .text.primitive_params_are_equal
                0x0000000008007570       0x34 obj/main/primitives/primitive.o
                0x0000000008007570                primitive_params_are_equal
 .text.shoot_init
                0x00000000080075a4        0x4 obj/main/primitives/shoot.o
 .text.shoot_end
                0x00000000080075a8        0x4 obj/main/primitives/shoot.o
 .text.shoot_start
                0x00000000080075ac       0xc0 obj/main/primitives/shoot.o
 .text.plan_move
                0x000000000800766c       0x50 obj/main/primitives/shoot.o
                0x000000000800766c                plan_move
 .text.shoot_tick
                0x00000000080076bc      0x2e0 obj/main/primitives/shoot.o
 .text.spin_init
                0x000000000800799c        0x4 obj/main/primitives/spin.o
 .text.spin_start
                0x00000000080079a0       0x5c obj/main/primitives/spin.o
 .text.spin_end
                0x00000000080079fc        0x4 obj/main/primitives/spin.o
 .text.spin_tick
                0x0000000008007a00      0x124 obj/main/primitives/spin.o
 .text.stop_init
                0x0000000008007b24        0x4 obj/main/primitives/stop.o
 .text.stop_end
                0x0000000008007b28        0x4 obj/main/primitives/stop.o
 .text.stop_tick
                0x0000000008007b2c        0x4 obj/main/primitives/stop.o
 .text.stop_start
                0x0000000008007b30       0x2c obj/main/primitives/stop.o
 .text.receive_init
                0x0000000008007b5c       0x60 obj/main/receive.o
                0x0000000008007b5c                receive_init
 .text.receive_shutdown
                0x0000000008007bbc       0x20 obj/main/receive.o
                0x0000000008007bbc                receive_shutdown
 .text.receive_tick
                0x0000000008007bdc       0x58 obj/main/receive.o
                0x0000000008007bdc                receive_tick
 .text.receive_last_serial
                0x0000000008007c34        0xc obj/main/receive.o
                0x0000000008007c34                receive_last_serial
 .text.handle_drive_packet
                0x0000000008007c40      0x184 obj/main/receive.o
                0x0000000008007c40                handle_drive_packet
 .text.handle_camera_packet
                0x0000000008007dc4      0x164 obj/main/receive.o
                0x0000000008007dc4                handle_camera_packet
 .text.handle_other_packet
                0x0000000008007f28      0x110 obj/main/receive.o
                0x0000000008007f28                handle_other_packet
 .text.receive_task
                0x0000000008008038       0xb8 obj/main/receive.o
 .text.sd_send_command
                0x00000000080080f0      0x114 obj/main/sdcard.o
 .text.sd_send_command_r1
                0x0000000008008204       0x8c obj/main/sdcard.o
 .text.sd_wait_d0_high.part.1
                0x0000000008008290       0x4c obj/main/sdcard.o
 .text.sd_isr   0x00000000080082dc       0x40 obj/main/sdcard.o
                0x00000000080082dc                sd_isr
 .text.sd_d0_exti_isr
                0x000000000800831c       0x44 obj/main/sdcard.o
                0x000000000800831c                sd_d0_exti_isr
 .text.sd_init  0x0000000008008360      0x5b0 obj/main/sdcard.o
                0x0000000008008360                sd_init
 .text.sd_read  0x0000000008008910      0x1dc obj/main/sdcard.o
                0x0000000008008910                sd_read
 .text.sd_write
                0x0000000008008aec      0x1f8 obj/main/sdcard.o
                0x0000000008008aec                sd_write
 .text.sd_erase
                0x0000000008008ce4       0xb8 obj/main/sdcard.o
                0x0000000008008ce4                sd_erase
 .text.sd_is_hc
                0x0000000008008d9c       0x10 obj/main/sdcard.o
                0x0000000008008d9c                sd_is_hc
 .text.sd_sector_count
                0x0000000008008dac       0x14 obj/main/sdcard.o
                0x0000000008008dac                sd_sector_count
 .text._read_r  0x0000000008008dc0        0x4 obj/main/syscalls.o
                0x0000000008008dc0                _read_r
 .text._write_r
                0x0000000008008dc4       0x10 obj/main/syscalls.o
                0x0000000008008dc4                _write_r
 .text._lseek_r
                0x0000000008008dd4        0xc obj/main/syscalls.o
                0x0000000008008dd4                _lseek_r
 .text._close_r
                0x0000000008008de0        0x4 obj/main/syscalls.o
                0x0000000008008de0                _close_r
 .text._fstat_r
                0x0000000008008de4        0xc obj/main/syscalls.o
                0x0000000008008de4                _fstat_r
 .text._isatty_r
                0x0000000008008df0        0x4 obj/main/syscalls.o
                0x0000000008008df0                _isatty_r
 .text.tbuf_write_get
                0x0000000008008df4       0x38 obj/main/tbuf.o
                0x0000000008008df4                tbuf_write_get
 .text.tbuf_write_put
                0x0000000008008e2c       0x48 obj/main/tbuf.o
                0x0000000008008e2c                tbuf_write_put
 .text.tbuf_read_get
                0x0000000008008e74       0x14 obj/main/tbuf.o
                0x0000000008008e74                tbuf_read_get
 .text.tbuf_read_put
                0x0000000008008e88       0x48 obj/main/tbuf.o
                0x0000000008008e88                tbuf_read_put
 .text.normal_task
                0x0000000008008ed0       0xec obj/main/tick.o
 .text.tick_init
                0x0000000008008fbc       0xc4 obj/main/tick.o
                0x0000000008008fbc                tick_init
 .text.tick_shutdown
                0x0000000008009080       0x40 obj/main/tick.o
                0x0000000008009080                tick_shutdown
 .text.timer6_isr
                0x00000000080090c0       0x28 obj/main/tick.o
                0x00000000080090c0                timer6_isr
 .text.upgrade_common_get_sector_dma_buffer
                0x00000000080090e8        0xc obj/main/upgrade/common.o
                0x00000000080090e8                upgrade_common_get_sector_dma_buffer
 .text.upgrade_dfu_on_enter_common
                0x00000000080090f4       0x54 obj/main/upgrade/dfu.o
 .text.upgrade_dfu_on_enter_fpga
                0x0000000008009148        0x8 obj/main/upgrade/dfu.o
 .text.upgrade_dfu_on_enter_fw
                0x0000000008009150        0x8 obj/main/upgrade/dfu.o
 .text.upgrade_dfu_poststatus_manifest_sync
                0x0000000008009158       0x20 obj/main/upgrade/dfu.o
 .text.upgrade_dfu_writeout_task
                0x0000000008009178      0x2c8 obj/main/upgrade/dfu.o
 .text.upgrade_dfu_control_handler
                0x0000000008009440      0x488 obj/main/upgrade/dfu.o
 .text.upgrade_dfu_run
                0x00000000080098c8      0x108 obj/main/upgrade/dfu.o
                0x00000000080098c8                upgrade_dfu_run
 .text.upgrade_fpga_check
                0x00000000080099d0       0x28 obj/main/upgrade/fpga.o
                0x00000000080099d0                upgrade_fpga_check
 .text.upgrade_fpga_send
                0x00000000080099f8       0x58 obj/main/upgrade/fpga.o
                0x00000000080099f8                upgrade_fpga_send
 .text.upgrade_fpga_build_id
                0x0000000008009a50        0xc obj/main/upgrade/fpga.o
                0x0000000008009a50                upgrade_fpga_build_id
 .text.upgrade_fw_check_install
                0x0000000008009a5c       0x98 obj/main/upgrade/fw.o
                0x0000000008009a5c                upgrade_fw_check_install
 .text.upgrade_int_check_area
                0x0000000008009af4       0xf0 obj/main/upgrade/util.o
                0x0000000008009af4                upgrade_int_check_area
 .text.dfu_detach_poststatus
                0x0000000008009be4        0x8 obj/main/usb_config.o
 .text.dfu_control_handler
                0x0000000008009bec       0x7c obj/main/usb_config.o
 .text.wheels_init
                0x0000000008009c68       0x20 obj/main/wheels.o
                0x0000000008009c68                wheels_init
 .text.wheels_coast
                0x0000000008009c88       0x18 obj/main/wheels.o
                0x0000000008009c88                wheels_coast
 .text.wheels_brake
                0x0000000008009ca0       0x18 obj/main/wheels.o
                0x0000000008009ca0                wheels_brake
 .text.wheels_drive
                0x0000000008009cb8       0x30 obj/main/wheels.o
                0x0000000008009cb8                wheels_drive
 .text.wheels_tick
                0x0000000008009ce8      0x1e8 obj/main/wheels.o
                0x0000000008009ce8                wheels_tick
 .text.abort    0x0000000008009ed0        0x4 obj/stm32lib/abort.o
                0x0000000008009ed0                abort
 .text.build_id_init
                0x0000000008009ed4       0x2c obj/stm32lib/build_id.o
                0x0000000008009ed4                build_id_init
 .text.build_id_get
                0x0000000008009f00        0xc obj/stm32lib/build_id.o
                0x0000000008009f00                build_id_get
 .text.write    0x0000000008009f0c       0x38 obj/stm32lib/core_progmem.o
 .text.end      0x0000000008009f44       0x4c obj/stm32lib/core_progmem.o
 .text.start    0x0000000008009f90       0xc4 obj/stm32lib/core_progmem.o
 .text.crc32_init
                0x000000000800a054       0x60 obj/stm32lib/crc32.o
                0x000000000800a054                crc32_init
 .text.crc32_be
                0x000000000800a0b4       0xec obj/stm32lib/crc32.o
                0x000000000800a0b4                crc32_be
 .text.exception_fill_core_notes
                0x000000000800a1a0      0x4b8 obj/stm32lib/exception.o
 .text.exception_init
                0x000000000800a658       0x6c obj/stm32lib/exception.o
                0x000000000800a658                exception_init
 .text.common_fault_isr
                0x000000000800a6c4       0xa0 obj/stm32lib/exception.o
 .text.exception_hard_fault_isr
                0x000000000800a764       0x2c obj/stm32lib/exception.o
                0x000000000800a764                exception_hard_fault_isr
 .text.exception_memory_manage_fault_isr
                0x000000000800a790       0x2c obj/stm32lib/exception.o
                0x000000000800a790                exception_memory_manage_fault_isr
 .text.exception_bus_fault_isr
                0x000000000800a7bc       0x2c obj/stm32lib/exception.o
                0x000000000800a7bc                exception_bus_fault_isr
 .text.exception_usage_fault_isr
                0x000000000800a7e8       0x2c obj/stm32lib/exception.o
                0x000000000800a7e8                exception_usage_fault_isr
 .text.exception_debug_fault_isr
                0x000000000800a814       0x2c obj/stm32lib/exception.o
                0x000000000800a814                exception_debug_fault_isr
 .text.formathex32
                0x000000000800a840       0x68 obj/stm32lib/format.o
                0x000000000800a840                formathex32
 .text.gpio_init
                0x000000000800a8a8      0x478 obj/stm32lib/gpio.o
                0x000000000800a8a8                gpio_init
 .text.compute_apb_prescale
                0x000000000800ad20       0x54 obj/stm32lib/init.o
 *fill*         0x000000000800ad74        0x4 
 .text.init_chip
                0x000000000800ad78      0x5f8 obj/stm32lib/init.o
                0x000000000800ad78                init_chip
 .text.init_specs
                0x000000000800b370        0xc obj/stm32lib/init.o
                0x000000000800b370                init_specs
 .text._sbrk_r  0x000000000800b37c       0x30 obj/stm32lib/libcsupport.o
                0x000000000800b37c                _sbrk_r
 .text.rtc_get  0x000000000800b3ac       0x5c obj/stm32lib/rtc.o
                0x000000000800b3ac                rtc_get
 .text.rtc_set  0x000000000800b408       0x38 obj/stm32lib/rtc.o
                0x000000000800b408                rtc_set
 .text.udev_rx_copy_out
                0x000000000800b440       0x74 obj/usb/dev.o
 .text.udev_task_detached
                0x000000000800b4b4       0x4c obj/usb/dev.o
 .text.udev_flush_rx_fifo
                0x000000000800b500       0x34 obj/usb/dev.o
                0x000000000800b500                udev_flush_rx_fifo
 .text.udev_flush_tx_fifo
                0x000000000800b534       0x5c obj/usb/dev.o
                0x000000000800b534                udev_flush_tx_fifo
 .text.udev_task
                0x000000000800b590      0x298 obj/usb/dev.o
 .text.udev_tx_copy_in
                0x000000000800b828       0x44 obj/usb/dev.o
                0x000000000800b828                udev_tx_copy_in
 .text.udev_isr
                0x000000000800b86c      0x52c obj/usb/dev.o
                0x000000000800b86c                udev_isr
 .text.udev_init
                0x000000000800bd98      0x16c obj/usb/dev.o
                0x000000000800bd98                udev_init
 .text.udev_attach
                0x000000000800bf04       0x64 obj/usb/dev.o
                0x000000000800bf04                udev_attach
 .text.udev_detach
                0x000000000800bf68       0x7c obj/usb/dev.o
                0x000000000800bf68                udev_detach
 .text.uep_start_pxfr
                0x000000000800bfe4      0x184 obj/usb/ep.o
 .text.uep_transfer
                0x000000000800c168      0x190 obj/usb/ep.o
 .text.uep_disable
                0x000000000800c2f8       0xe8 obj/usb/ep.o
 .text.uep_queue_event
                0x000000000800c3e0       0x50 obj/usb/ep.o
                0x000000000800c3e0                uep_queue_event
 .text.uep_queue_event_from_isr
                0x000000000800c430       0x50 obj/usb/ep.o
                0x000000000800c430                uep_queue_event_from_isr
 .text.uep_write
                0x000000000800c480       0xc4 obj/usb/ep.o
                0x000000000800c480                uep_write
 .text.uep_halt_wait
                0x000000000800c544       0xbc obj/usb/ep.o
                0x000000000800c544                uep_halt_wait
 .text.uep_halt_with_cb
                0x000000000800c600       0xf4 obj/usb/ep.o
                0x000000000800c600                uep_halt_with_cb
 .text.uep_clear_halt
                0x000000000800c6f4       0xfc obj/usb/ep.o
                0x000000000800c6f4                uep_clear_halt
 .text.uep_activate
                0x000000000800c7f0      0x134 obj/usb/ep.o
                0x000000000800c7f0                uep_activate
 .text.uep_deactivate
                0x000000000800c924       0xac obj/usb/ep.o
                0x000000000800c924                uep_deactivate
 .text.uep0_exit_configuration
                0x000000000800c9d0       0x98 obj/usb/ep0.o
 .text.uep0_data_read
                0x000000000800ca68      0x168 obj/usb/ep0.o
                0x000000000800ca68                uep0_data_read
 .text.uep0_data_write
                0x000000000800cbd0      0x258 obj/usb/ep0.o
                0x000000000800cbd0                uep0_data_write
 .text.uep0_default_handler
                0x000000000800ce28      0x5d4 obj/usb/ep0.o
 .text.uep0_set_poststatus
                0x000000000800d3fc        0xc obj/usb/ep0.o
                0x000000000800d3fc                uep0_set_poststatus
 .text.uep0_writable_setup_packet
                0x000000000800d408       0x14 obj/usb/ep0.o
                0x000000000800d408                uep0_writable_setup_packet
 .text.uep0_run_transfer
                0x000000000800d41c      0x258 obj/usb/ep0.o
                0x000000000800d41c                uep0_run_transfer
 .text.uep0_handle_reset
                0x000000000800d674       0x14 obj/usb/ep0.o
                0x000000000800d674                uep0_handle_reset
 .text.uutil_find_interface_descriptor
                0x000000000800d688       0x34 obj/usb/util.o
                0x000000000800d688                uutil_find_interface_descriptor
 .text.uutil_find_endpoint_info
                0x000000000800d6bc       0x84 obj/usb/util.o
                0x000000000800d6bc                uutil_find_endpoint_info
 .text.cosf     0x000000000800d740       0x7c /usr/lib/gcc/arm-none-eabi/4.8.2/../../../arm-none-eabi/lib/armv7e-m/fpu/libm.a(lib_a-sf_cos.o)
                0x000000000800d740                cosf
 .text.sinf     0x000000000800d7bc       0x80 /usr/lib/gcc/arm-none-eabi/4.8.2/../../../arm-none-eabi/lib/armv7e-m/fpu/libm.a(lib_a-sf_sin.o)
                0x000000000800d7bc                sinf
 .text.fmod     0x000000000800d83c       0xd0 /usr/lib/gcc/arm-none-eabi/4.8.2/../../../arm-none-eabi/lib/armv7e-m/fpu/libm.a(lib_a-w_fmod.o)
                0x000000000800d83c                fmod
 .text.atan2f   0x000000000800d90c        0x4 /usr/lib/gcc/arm-none-eabi/4.8.2/../../../arm-none-eabi/lib/armv7e-m/fpu/libm.a(lib_a-wf_atan2.o)
                0x000000000800d90c                atan2f
 .text.sqrtf    0x000000000800d910       0xbc /usr/lib/gcc/arm-none-eabi/4.8.2/../../../arm-none-eabi/lib/armv7e-m/fpu/libm.a(lib_a-wf_sqrt.o)
                0x000000000800d910                sqrtf
 .text.__ieee754_fmod
                0x000000000800d9cc      0x2d0 /usr/lib/gcc/arm-none-eabi/4.8.2/../../../arm-none-eabi/lib/armv7e-m/fpu/libm.a(lib_a-e_fmod.o)
                0x000000000800d9cc                __ieee754_fmod
 .text.__ieee754_atan2f
                0x000000000800dc9c      0x160 /usr/lib/gcc/arm-none-eabi/4.8.2/../../../arm-none-eabi/lib/armv7e-m/fpu/libm.a(lib_a-ef_atan2.o)
                0x000000000800dc9c                __ieee754_atan2f
 .text.__ieee754_rem_pio2f
                0x000000000800ddfc      0x288 /usr/lib/gcc/arm-none-eabi/4.8.2/../../../arm-none-eabi/lib/armv7e-m/fpu/libm.a(lib_a-ef_rem_pio2.o)
                0x000000000800ddfc                __ieee754_rem_pio2f
 .text.__ieee754_sqrtf
                0x000000000800e084       0xa4 /usr/lib/gcc/arm-none-eabi/4.8.2/../../../arm-none-eabi/lib/armv7e-m/fpu/libm.a(lib_a-ef_sqrt.o)
                0x000000000800e084                __ieee754_sqrtf
 .text.__kernel_cosf
                0x000000000800e128      0x108 /usr/lib/gcc/arm-none-eabi/4.8.2/../../../arm-none-eabi/lib/armv7e-m/fpu/libm.a(lib_a-kf_cos.o)
                0x000000000800e128                __kernel_cosf
 .text.__kernel_rem_pio2f
                0x000000000800e230      0x5d0 /usr/lib/gcc/arm-none-eabi/4.8.2/../../../arm-none-eabi/lib/armv7e-m/fpu/libm.a(lib_a-kf_rem_pio2.o)
                0x000000000800e230                __kernel_rem_pio2f
 .text.__kernel_sinf
                0x000000000800e800       0x90 /usr/lib/gcc/arm-none-eabi/4.8.2/../../../arm-none-eabi/lib/armv7e-m/fpu/libm.a(lib_a-kf_sin.o)
                0x000000000800e800                __kernel_sinf
 .text.__fpclassifyd
                0x000000000800e890       0x54 /usr/lib/gcc/arm-none-eabi/4.8.2/../../../arm-none-eabi/lib/armv7e-m/fpu/libm.a(lib_a-s_fpclassify.o)
                0x000000000800e890                __fpclassifyd
 .text.matherr  0x000000000800e8e4        0x4 /usr/lib/gcc/arm-none-eabi/4.8.2/../../../arm-none-eabi/lib/armv7e-m/fpu/libm.a(lib_a-s_matherr.o)
                0x000000000800e8e4                matherr
 .text.atanf    0x000000000800e8e8      0x1c0 /usr/lib/gcc/arm-none-eabi/4.8.2/../../../arm-none-eabi/lib/armv7e-m/fpu/libm.a(lib_a-sf_atan.o)
                0x000000000800e8e8                atanf
 .text.fabsf    0x000000000800eaa8       0x10 /usr/lib/gcc/arm-none-eabi/4.8.2/../../../arm-none-eabi/lib/armv7e-m/fpu/libm.a(lib_a-sf_fabs.o)
                0x000000000800eaa8                fabsf
 .text.floorf   0x000000000800eab8       0xa0 /usr/lib/gcc/arm-none-eabi/4.8.2/../../../arm-none-eabi/lib/armv7e-m/fpu/libm.a(lib_a-sf_floor.o)
                0x000000000800eab8                floorf
 .text.__fpclassifyf
                0x000000000800eb58       0x38 /usr/lib/gcc/arm-none-eabi/4.8.2/../../../arm-none-eabi/lib/armv7e-m/fpu/libm.a(lib_a-sf_fpclassify.o)
                0x000000000800eb58                __fpclassifyf
 .text.scalbnf  0x000000000800eb90       0xe4 /usr/lib/gcc/arm-none-eabi/4.8.2/../../../arm-none-eabi/lib/armv7e-m/fpu/libm.a(lib_a-sf_scalbn.o)
                0x000000000800eb90                scalbnf
 .text.copysignf
                0x000000000800ec74       0x18 /usr/lib/gcc/arm-none-eabi/4.8.2/../../../arm-none-eabi/lib/armv7e-m/fpu/libm.a(lib_a-sf_copysign.o)
                0x000000000800ec74                copysignf
 .text          0x000000000800ec8c      0x370 /usr/lib/gcc/arm-none-eabi/4.8.2/armv7e-m/fpu/libgcc.a(_arm_addsubdf3.o)
                0x000000000800ec8c                __aeabi_drsub
                0x000000000800ec94                __aeabi_dsub
                0x000000000800ec94                __subdf3
                0x000000000800ec98                __adddf3
                0x000000000800ec98                __aeabi_dadd
                0x000000000800ef10                __aeabi_ui2d
                0x000000000800ef10                __floatunsidf
                0x000000000800ef30                __floatsidf
                0x000000000800ef30                __aeabi_i2d
                0x000000000800ef54                __extendsfdf2
                0x000000000800ef54                __aeabi_f2d
                0x000000000800ef90                __aeabi_ul2d
                0x000000000800ef90                __floatundidf
                0x000000000800efa0                __floatdidf
                0x000000000800efa0                __aeabi_l2d
 .text          0x000000000800effc      0x424 /usr/lib/gcc/arm-none-eabi/4.8.2/armv7e-m/fpu/libgcc.a(_arm_muldivdf3.o)
                0x000000000800effc                __aeabi_dmul
                0x000000000800effc                __muldf3
                0x000000000800f250                __aeabi_ddiv
                0x000000000800f250                __divdf3
 .text          0x000000000800f420      0x110 /usr/lib/gcc/arm-none-eabi/4.8.2/armv7e-m/fpu/libgcc.a(_arm_cmpdf2.o)
                0x000000000800f420                __gtdf2
                0x000000000800f420                __gedf2
                0x000000000800f428                __ltdf2
                0x000000000800f428                __ledf2
                0x000000000800f430                __cmpdf2
                0x000000000800f430                __eqdf2
                0x000000000800f430                __nedf2
                0x000000000800f4ac                __aeabi_cdrcmple
                0x000000000800f4bc                __aeabi_cdcmple
                0x000000000800f4bc                __aeabi_cdcmpeq
                0x000000000800f4cc                __aeabi_dcmpeq
                0x000000000800f4e0                __aeabi_dcmplt
                0x000000000800f4f4                __aeabi_dcmple
                0x000000000800f508                __aeabi_dcmpge
                0x000000000800f51c                __aeabi_dcmpgt
 .text          0x000000000800f530       0x50 /usr/lib/gcc/arm-none-eabi/4.8.2/armv7e-m/fpu/libgcc.a(_arm_fixdfsi.o)
                0x000000000800f530                __fixdfsi
                0x000000000800f530                __aeabi_d2iz
 .text          0x000000000800f580       0xa0 /usr/lib/gcc/arm-none-eabi/4.8.2/armv7e-m/fpu/libgcc.a(_arm_truncdfsf2.o)
                0x000000000800f580                __aeabi_d2f
                0x000000000800f580                __truncdfsf2
 .text          0x000000000800f620      0x21c /usr/lib/gcc/arm-none-eabi/4.8.2/armv7e-m/fpu/libgcc.a(_arm_addsubsf3.o)
                0x000000000800f620                __aeabi_frsub
                0x000000000800f628                __subsf3
                0x000000000800f628                __aeabi_fsub
                0x000000000800f62c                __aeabi_fadd
                0x000000000800f62c                __addsf3
                0x000000000800f78c                __aeabi_ui2f
                0x000000000800f78c                __floatunsisf
                0x000000000800f794                __aeabi_i2f
                0x000000000800f794                __floatsisf
                0x000000000800f7b0                __floatundisf
                0x000000000800f7b0                __aeabi_ul2f
                0x000000000800f7c0                __floatdisf
                0x000000000800f7c0                __aeabi_l2f
 .text.abs      0x000000000800f83c        0x8 /usr/lib/gcc/arm-none-eabi/4.8.2/../../../arm-none-eabi/lib/armv7e-m/fpu/libg.a(lib_a-abs.o)
                0x000000000800f83c                abs
 .text.__errno  0x000000000800f844        0xc /usr/lib/gcc/arm-none-eabi/4.8.2/../../../arm-none-eabi/lib/armv7e-m/fpu/libg.a(lib_a-errno.o)
                0x000000000800f844                __errno
 .text.__sflush_r
                0x000000000800f850      0x15c /usr/lib/gcc/arm-none-eabi/4.8.2/../../../arm-none-eabi/lib/armv7e-m/fpu/libg.a(lib_a-fflush.o)
                0x000000000800f850                __sflush_r
 .text._fflush_r
                0x000000000800f9ac       0x2c /usr/lib/gcc/arm-none-eabi/4.8.2/../../../arm-none-eabi/lib/armv7e-m/fpu/libg.a(lib_a-fflush.o)
                0x000000000800f9ac                _fflush_r
 .text.fflush   0x000000000800f9d8       0x28 /usr/lib/gcc/arm-none-eabi/4.8.2/../../../arm-none-eabi/lib/armv7e-m/fpu/libg.a(lib_a-fflush.o)
                0x000000000800f9d8                fflush
 .text._cleanup_r
                0x000000000800fa00        0xc /usr/lib/gcc/arm-none-eabi/4.8.2/../../../arm-none-eabi/lib/armv7e-m/fpu/libg.a(lib_a-findfp.o)
                0x000000000800fa00                _cleanup_r
 .text.__sinit  0x000000000800fa0c       0xf8 /usr/lib/gcc/arm-none-eabi/4.8.2/../../../arm-none-eabi/lib/armv7e-m/fpu/libg.a(lib_a-findfp.o)
                0x000000000800fa0c                __sinit
 .text.__sfp_lock_acquire
                0x000000000800fb04        0x4 /usr/lib/gcc/arm-none-eabi/4.8.2/../../../arm-none-eabi/lib/armv7e-m/fpu/libg.a(lib_a-findfp.o)
                0x000000000800fb04                __sfp_lock_acquire
 .text.__sfp_lock_release
                0x000000000800fb08        0x4 /usr/lib/gcc/arm-none-eabi/4.8.2/../../../arm-none-eabi/lib/armv7e-m/fpu/libg.a(lib_a-findfp.o)
                0x000000000800fb08                __sfp_lock_release
 .text._malloc_trim_r
                0x000000000800fb0c       0xa4 /usr/lib/gcc/arm-none-eabi/4.8.2/../../../arm-none-eabi/lib/armv7e-m/fpu/libg.a(lib_a-freer.o)
                0x000000000800fb0c                _malloc_trim_r
 .text._free_r  0x000000000800fbb0      0x19c /usr/lib/gcc/arm-none-eabi/4.8.2/../../../arm-none-eabi/lib/armv7e-m/fpu/libg.a(lib_a-freer.o)
                0x000000000800fbb0                _free_r
 .text._fwalk   0x000000000800fd4c       0x4c /usr/lib/gcc/arm-none-eabi/4.8.2/../../../arm-none-eabi/lib/armv7e-m/fpu/libg.a(lib_a-fwalk.o)
                0x000000000800fd4c                _fwalk
 .text._fwalk_reent
                0x000000000800fd98       0x50 /usr/lib/gcc/arm-none-eabi/4.8.2/../../../arm-none-eabi/lib/armv7e-m/fpu/libg.a(lib_a-fwalk.o)
                0x000000000800fd98                _fwalk_reent
 .text._fwrite_r
                0x000000000800fde8       0x64 /usr/lib/gcc/arm-none-eabi/4.8.2/../../../arm-none-eabi/lib/armv7e-m/fpu/libg.a(lib_a-fwrite.o)
                0x000000000800fde8                _fwrite_r
 .text.fwrite   0x000000000800fe4c       0x24 /usr/lib/gcc/arm-none-eabi/4.8.2/../../../arm-none-eabi/lib/armv7e-m/fpu/libg.a(lib_a-fwrite.o)
                0x000000000800fe4c                fwrite
 .text.iprintf  0x000000000800fe70       0x28 /usr/lib/gcc/arm-none-eabi/4.8.2/../../../arm-none-eabi/lib/armv7e-m/fpu/libg.a(lib_a-iprintf.o)
                0x000000000800fe70                iprintf
 .text.malloc   0x000000000800fe98       0x10 /usr/lib/gcc/arm-none-eabi/4.8.2/../../../arm-none-eabi/lib/armv7e-m/fpu/libg.a(lib_a-malloc.o)
                0x000000000800fe98                malloc
 .text.free     0x000000000800fea8       0x10 /usr/lib/gcc/arm-none-eabi/4.8.2/../../../arm-none-eabi/lib/armv7e-m/fpu/libg.a(lib_a-malloc.o)
                0x000000000800fea8                free
 .text._malloc_r
                0x000000000800feb8      0x564 /usr/lib/gcc/arm-none-eabi/4.8.2/../../../arm-none-eabi/lib/armv7e-m/fpu/libg.a(lib_a-mallocr.o)
                0x000000000800feb8                _malloc_r
 .text          0x000000000801041c      0x134 /usr/lib/gcc/arm-none-eabi/4.8.2/../../../arm-none-eabi/lib/armv7e-m/fpu/libg.a(lib_a-memcpy.o)
                0x000000000801041c                memcpy
 .text.memset   0x0000000008010550       0x94 /usr/lib/gcc/arm-none-eabi/4.8.2/../../../arm-none-eabi/lib/armv7e-m/fpu/libg.a(lib_a-memset.o)
                0x0000000008010550                memset
 .text.printf   0x00000000080105e4       0x28 /usr/lib/gcc/arm-none-eabi/4.8.2/../../../arm-none-eabi/lib/armv7e-m/fpu/libg.a(lib_a-printf.o)
                0x00000000080105e4                printf
 .text._puts_r  0x000000000801060c       0x64 /usr/lib/gcc/arm-none-eabi/4.8.2/../../../arm-none-eabi/lib/armv7e-m/fpu/libg.a(lib_a-puts.o)
                0x000000000801060c                _puts_r
 .text.puts     0x0000000008010670       0x10 /usr/lib/gcc/arm-none-eabi/4.8.2/../../../arm-none-eabi/lib/armv7e-m/fpu/libg.a(lib_a-puts.o)
                0x0000000008010670                puts
 .text.__sread  0x0000000008010680       0x24 /usr/lib/gcc/arm-none-eabi/4.8.2/../../../arm-none-eabi/lib/armv7e-m/fpu/libg.a(lib_a-stdio.o)
                0x0000000008010680                __sread
 .text.__swrite
                0x00000000080106a4       0x38 /usr/lib/gcc/arm-none-eabi/4.8.2/../../../arm-none-eabi/lib/armv7e-m/fpu/libg.a(lib_a-stdio.o)
                0x00000000080106a4                __swrite
 .text.__sseek  0x00000000080106dc       0x20 /usr/lib/gcc/arm-none-eabi/4.8.2/../../../arm-none-eabi/lib/armv7e-m/fpu/libg.a(lib_a-stdio.o)
                0x00000000080106dc                __sseek
 .text.__sclose
                0x00000000080106fc        0x8 /usr/lib/gcc/arm-none-eabi/4.8.2/../../../arm-none-eabi/lib/armv7e-m/fpu/libg.a(lib_a-stdio.o)
                0x00000000080106fc                __sclose
 .text.strlen   0x0000000008010704       0x60 /usr/lib/gcc/arm-none-eabi/4.8.2/../../../arm-none-eabi/lib/armv7e-m/fpu/libg.a(lib_a-strlen.o)
                0x0000000008010704                strlen
 .text.__sprint_r.part.0
                0x0000000008010764       0x7c /usr/lib/gcc/arm-none-eabi/4.8.2/../../../arm-none-eabi/lib/armv7e-m/fpu/libg.a(lib_a-vfiprintf.o)
 .text.__sprint_r
                0x00000000080107e0       0x18 /usr/lib/gcc/arm-none-eabi/4.8.2/../../../arm-none-eabi/lib/armv7e-m/fpu/libg.a(lib_a-vfiprintf.o)
                0x00000000080107e0                __sprint_r
 .text._vfiprintf_r
                0x00000000080107f8      0xbfc /usr/lib/gcc/arm-none-eabi/4.8.2/../../../arm-none-eabi/lib/armv7e-m/fpu/libg.a(lib_a-vfiprintf.o)
                0x00000000080107f8                _vfiprintf_r
 .text.__sbprintf
                0x00000000080113f4       0x78 /usr/lib/gcc/arm-none-eabi/4.8.2/../../../arm-none-eabi/lib/armv7e-m/fpu/libg.a(lib_a-vfiprintf.o)
 .text._vfprintf_r
                0x000000000801146c     0x1544 /usr/lib/gcc/arm-none-eabi/4.8.2/../../../arm-none-eabi/lib/armv7e-m/fpu/libg.a(lib_a-vfprintf.o)
                0x000000000801146c                _vfprintf_r
 .text.__sbprintf
                0x00000000080129b0       0x78 /usr/lib/gcc/arm-none-eabi/4.8.2/../../../arm-none-eabi/lib/armv7e-m/fpu/libg.a(lib_a-vfprintf.o)
 .text.__swsetup_r
                0x0000000008012a28       0xc8 /usr/lib/gcc/arm-none-eabi/4.8.2/../../../arm-none-eabi/lib/armv7e-m/fpu/libg.a(lib_a-wsetup.o)
                0x0000000008012a28                __swsetup_r
 .text.quorem   0x0000000008012af0      0x12c /usr/lib/gcc/arm-none-eabi/4.8.2/../../../arm-none-eabi/lib/armv7e-m/fpu/libg.a(lib_a-dtoa.o)
 *fill*         0x0000000008012c1c        0x4 
 .text._dtoa_r  0x0000000008012c20      0xf50 /usr/lib/gcc/arm-none-eabi/4.8.2/../../../arm-none-eabi/lib/armv7e-m/fpu/libg.a(lib_a-dtoa.o)
                0x0000000008012c20                _dtoa_r
 .text._fclose_r
                0x0000000008013b70       0x84 /usr/lib/gcc/arm-none-eabi/4.8.2/../../../arm-none-eabi/lib/armv7e-m/fpu/libg.a(lib_a-fclose.o)
                0x0000000008013b70                _fclose_r
 .text.fclose   0x0000000008013bf4       0x10 /usr/lib/gcc/arm-none-eabi/4.8.2/../../../arm-none-eabi/lib/armv7e-m/fpu/libg.a(lib_a-fclose.o)
                0x0000000008013bf4                fclose
 .text._fputwc_r
                0x0000000008013c04       0xc0 /usr/lib/gcc/arm-none-eabi/4.8.2/../../../arm-none-eabi/lib/armv7e-m/fpu/libg.a(lib_a-fputwc.o)
                0x0000000008013c04                _fputwc_r
 .text.__sfvwrite_r
                0x0000000008013cc4      0x314 /usr/lib/gcc/arm-none-eabi/4.8.2/../../../arm-none-eabi/lib/armv7e-m/fpu/libg.a(lib_a-fvwrite.o)
                0x0000000008013cc4                __sfvwrite_r
 .text.__locale_charset
                0x0000000008013fd8        0xc /usr/lib/gcc/arm-none-eabi/4.8.2/../../../arm-none-eabi/lib/armv7e-m/fpu/libg.a(lib_a-locale.o)
                0x0000000008013fd8                __locale_charset
 .text.__locale_mb_cur_max
                0x0000000008013fe4        0xc /usr/lib/gcc/arm-none-eabi/4.8.2/../../../arm-none-eabi/lib/armv7e-m/fpu/libg.a(lib_a-locale.o)
                0x0000000008013fe4                __locale_mb_cur_max
 .text._localeconv_r
                0x0000000008013ff0        0xc /usr/lib/gcc/arm-none-eabi/4.8.2/../../../arm-none-eabi/lib/armv7e-m/fpu/libg.a(lib_a-locale.o)
                0x0000000008013ff0                _localeconv_r
 .text.__smakebuf_r
                0x0000000008013ffc       0xe4 /usr/lib/gcc/arm-none-eabi/4.8.2/../../../arm-none-eabi/lib/armv7e-m/fpu/libg.a(lib_a-makebuf.o)
                0x0000000008013ffc                __smakebuf_r
 .text.memchr   0x00000000080140e0       0x90 /usr/lib/gcc/arm-none-eabi/4.8.2/../../../arm-none-eabi/lib/armv7e-m/fpu/libg.a(lib_a-memchr-stub.o)
                0x00000000080140e0                memchr
 .text.memmove  0x0000000008014170       0xc4 /usr/lib/gcc/arm-none-eabi/4.8.2/../../../arm-none-eabi/lib/armv7e-m/fpu/libg.a(lib_a-memmove.o)
                0x0000000008014170                memmove
 .text._Balloc  0x0000000008014234       0x4c /usr/lib/gcc/arm-none-eabi/4.8.2/../../../arm-none-eabi/lib/armv7e-m/fpu/libg.a(lib_a-mprec.o)
                0x0000000008014234                _Balloc
 .text._Bfree   0x0000000008014280       0x14 /usr/lib/gcc/arm-none-eabi/4.8.2/../../../arm-none-eabi/lib/armv7e-m/fpu/libg.a(lib_a-mprec.o)
                0x0000000008014280                _Bfree
 .text.__multadd
                0x0000000008014294       0x98 /usr/lib/gcc/arm-none-eabi/4.8.2/../../../arm-none-eabi/lib/armv7e-m/fpu/libg.a(lib_a-mprec.o)
                0x0000000008014294                __multadd
 .text.__hi0bits
                0x000000000801432c       0x3c /usr/lib/gcc/arm-none-eabi/4.8.2/../../../arm-none-eabi/lib/armv7e-m/fpu/libg.a(lib_a-mprec.o)
                0x000000000801432c                __hi0bits
 .text.__lo0bits
                0x0000000008014368       0x5c /usr/lib/gcc/arm-none-eabi/4.8.2/../../../arm-none-eabi/lib/armv7e-m/fpu/libg.a(lib_a-mprec.o)
                0x0000000008014368                __lo0bits
 .text.__i2b    0x00000000080143c4       0x14 /usr/lib/gcc/arm-none-eabi/4.8.2/../../../arm-none-eabi/lib/armv7e-m/fpu/libg.a(lib_a-mprec.o)
                0x00000000080143c4                __i2b
 .text.__multiply
                0x00000000080143d8      0x154 /usr/lib/gcc/arm-none-eabi/4.8.2/../../../arm-none-eabi/lib/armv7e-m/fpu/libg.a(lib_a-mprec.o)
                0x00000000080143d8                __multiply
 .text.__pow5mult
                0x000000000801452c       0xa0 /usr/lib/gcc/arm-none-eabi/4.8.2/../../../arm-none-eabi/lib/armv7e-m/fpu/libg.a(lib_a-mprec.o)
                0x000000000801452c                __pow5mult
 .text.__lshift
                0x00000000080145cc       0xbc /usr/lib/gcc/arm-none-eabi/4.8.2/../../../arm-none-eabi/lib/armv7e-m/fpu/libg.a(lib_a-mprec.o)
                0x00000000080145cc                __lshift
 .text.__mcmp   0x0000000008014688       0x44 /usr/lib/gcc/arm-none-eabi/4.8.2/../../../arm-none-eabi/lib/armv7e-m/fpu/libg.a(lib_a-mprec.o)
                0x0000000008014688                __mcmp
 .text.__mdiff  0x00000000080146cc       0xd4 /usr/lib/gcc/arm-none-eabi/4.8.2/../../../arm-none-eabi/lib/armv7e-m/fpu/libg.a(lib_a-mprec.o)
                0x00000000080146cc                __mdiff
 .text.__d2b    0x00000000080147a0       0xb4 /usr/lib/gcc/arm-none-eabi/4.8.2/../../../arm-none-eabi/lib/armv7e-m/fpu/libg.a(lib_a-mprec.o)
                0x00000000080147a0                __d2b
 .text._realloc_r
                0x0000000008014854      0x3e0 /usr/lib/gcc/arm-none-eabi/4.8.2/../../../arm-none-eabi/lib/armv7e-m/fpu/libg.a(lib_a-reallocr.o)
                0x0000000008014854                _realloc_r
 .text.__swbuf_r
                0x0000000008014c34       0xa4 /usr/lib/gcc/arm-none-eabi/4.8.2/../../../arm-none-eabi/lib/armv7e-m/fpu/libg.a(lib_a-wbuf.o)
                0x0000000008014c34                __swbuf_r
 .text._wcrtomb_r
                0x0000000008014cd8       0x58 /usr/lib/gcc/arm-none-eabi/4.8.2/../../../arm-none-eabi/lib/armv7e-m/fpu/libg.a(lib_a-wcrtomb.o)
                0x0000000008014cd8                _wcrtomb_r
 .text.__ascii_wctomb
                0x0000000008014d30       0x1c /usr/lib/gcc/arm-none-eabi/4.8.2/../../../arm-none-eabi/lib/armv7e-m/fpu/libg.a(lib_a-wctomb_r.o)
                0x0000000008014d30                __ascii_wctomb
 .text._calloc_r
                0x0000000008014d4c       0x60 /usr/lib/gcc/arm-none-eabi/4.8.2/../../../arm-none-eabi/lib/armv7e-m/fpu/libg.a(lib_a-callocr.o)
                0x0000000008014d4c                _calloc_r
 .text          0x0000000008014dac       0x2c /usr/lib/gcc/arm-none-eabi/4.8.2/armv7e-m/fpu/libgcc.a(_aeabi_uldivmod.o)
                0x0000000008014dac                __aeabi_uldivmod
 .text          0x0000000008014dd8       0x60 /usr/lib/gcc/arm-none-eabi/4.8.2/armv7e-m/fpu/libgcc.a(bpabi.o)
                0x0000000008014dd8                __gnu_ldivmod_helper
                0x0000000008014e08                __gnu_uldivmod_helper
 .text          0x0000000008014e38        0x4 /usr/lib/gcc/arm-none-eabi/4.8.2/armv7e-m/fpu/libgcc.a(_dvmd_tls.o)
                0x0000000008014e38                __aeabi_ldiv0
                0x0000000008014e38                __aeabi_idiv0
 .text          0x0000000008014e3c      0x2ac /usr/lib/gcc/arm-none-eabi/4.8.2/armv7e-m/fpu/libgcc.a(_divdi3.o)
                0x0000000008014e3c                __divdi3
 .text          0x00000000080150e8      0x27c /usr/lib/gcc/arm-none-eabi/4.8.2/armv7e-m/fpu/libgcc.a(_udivdi3.o)
                0x00000000080150e8                __udivdi3
 *fill*         0x0000000008015364        0x4 
 .text.__stub   0x0000000008015368       0x10 linker stubs

.glue_7         0x0000000008015378        0x0
 .glue_7        0x0000000000000000        0x0 linker stubs

.glue_7t        0x0000000008015378        0x0
 .glue_7t       0x0000000000000000        0x0 linker stubs

.vfp11_veneer   0x0000000008015378        0x0
 .vfp11_veneer  0x0000000000000000        0x0 linker stubs

.v4_bx          0x0000000008015378        0x0
 .v4_bx         0x0000000000000000        0x0 linker stubs

.iplt           0x0000000008015378        0x0
 .iplt          0x0000000000000000        0x0 /usr/lib/gcc/arm-none-eabi/4.8.2/armv7e-m/fpu/crtbegin.o

.rodata         0x0000000008015378     0x1594
 *(.rodata .rodata.*)
 .rodata.str1.4
                0x0000000008015378        0x7 obj/cdcacm/cdcacm.o
                                          0x8 (size before relaxing)
 *fill*         0x000000000801537f        0x1 
 .rodata        0x0000000008015380       0x30 obj/freertos/source/port.o
 .rodata.str1.4
                0x00000000080153b0        0x5 obj/freertos/source/tasks.o
                                          0x8 (size before relaxing)
 *fill*         0x00000000080153b5        0x3 
 .rodata.str1.4
                0x00000000080153b8       0x1f obj/main/adc.o
                                         0x20 (size before relaxing)
 *fill*         0x00000000080153d7        0x1 
 .rodata.str1.4
                0x00000000080153d8       0x14 obj/main/bangbang.o
 .rodata        0x00000000080153ec       0x40 obj/main/chicker.o
 .rodata.str1.4
                0x000000000801542c        0x9 obj/main/feedback.o
                                          0xc (size before relaxing)
 *fill*         0x0000000008015435        0x3 
 .rodata        0x0000000008015438       0x10 obj/main/icb.o
 .rodata.str1.4
                0x0000000008015448        0x8 obj/main/icb.o
 .rodata        0x0000000008015450       0x40 obj/main/leds.o
 .rodata.str1.4
                0x0000000008015490       0x71 obj/main/log.o
                                         0x74 (size before relaxing)
 *fill*         0x0000000008015501        0x3 
 .rodata        0x0000000008015504       0x80 obj/main/lps.o
 .rodata        0x0000000008015584      0x1ac obj/main/main.o
                0x000000000801565c                MAIN_STRING_ZERO
                0x0000000008015660                MAIN_LANGUAGE_TABLE
 .rodata.str1.4
                0x0000000008015730      0x243 obj/main/main.o
                                        0x24c (size before relaxing)
 *fill*         0x0000000008015973        0x1 
 .rodata        0x0000000008015974       0x4c obj/main/mrf.o
 .rodata.str1.4
                0x00000000080159c0       0x6c obj/main/mrf.o
 .rodata        0x0000000008015a2c       0x84 obj/main/physics.o
                0x0000000008015a8c                MAX_ACC
                0x0000000008015a98                MAX_VEL
                0x0000000008015aa4                ROBOT_MASS
 .rodata        0x0000000008015ab0       0x80 obj/main/pins.o
                0x0000000008015ab0                PINS_INIT
 .rodata        0x0000000008015b30       0x14 obj/main/primitives/direct_velocity.o
                0x0000000008015b30                DIRECT_VELOCITY_PRIMITIVE
 .rodata        0x0000000008015b44       0x14 obj/main/primitives/direct_wheels.o
                0x0000000008015b44                DIRECT_WHEELS_PRIMITIVE
 .rodata        0x0000000008015b58       0x14 obj/main/primitives/dribble.o
                0x0000000008015b58                DRIBBLE_PRIMITIVE
 .rodata.str1.4
                0x0000000008015b6c       0x10 obj/main/primitives/dribble.o
 .rodata        0x0000000008015b7c       0x14 obj/main/primitives/imu_test.o
                0x0000000008015b7c                IMU_TEST_PRIMITIVE
 .rodata        0x0000000008015b90       0x14 obj/main/primitives/jcatch.o
                0x0000000008015b90                CATCH_PRIMITIVE
 .rodata        0x0000000008015ba4       0x14 obj/main/primitives/move.o
                0x0000000008015ba4                MOVE_PRIMITIVE
 .rodata.str1.4
                0x0000000008015bb8       0x10 obj/main/primitives/move.o
 .rodata        0x0000000008015bc8       0x14 obj/main/primitives/pivot.o
                0x0000000008015bc8                PIVOT_PRIMITIVE
 .rodata        0x0000000008015bdc       0x28 obj/main/primitives/primitive.o
 .rodata        0x0000000008015c04       0x34 obj/main/primitives/shoot.o
                0x0000000008015c1c                SHOOT_PRIMITIVE
                0x0000000008015c30                rotation_limit
                0x0000000008015c34                minor_disp_limit
 .rodata.str1.4
                0x0000000008015c38       0x30 obj/main/primitives/shoot.o
 .rodata        0x0000000008015c68       0x14 obj/main/primitives/spin.o
                0x0000000008015c68                SPIN_PRIMITIVE
 .rodata        0x0000000008015c7c       0x14 obj/main/primitives/stop.o
                0x0000000008015c7c                STOP_PRIMITIVE
 .rodata.str1.4
                0x0000000008015c90        0x3 obj/main/receive.o
                                          0x4 (size before relaxing)
 *fill*         0x0000000008015c93        0x1 
 .rodata        0x0000000008015c94       0x40 obj/main/sdcard.o
 .rodata.str1.4
                0x0000000008015cd4      0x2f0 obj/main/sdcard.o
 .rodata.str1.4
                0x0000000008015fc4        0xc obj/main/tick.o
 .rodata        0x0000000008015fd0      0x108 obj/main/upgrade/dfu.o
 .rodata.str1.4
                0x00000000080160d8        0xd obj/main/upgrade/dfu.o
                                         0x10 (size before relaxing)
 *fill*         0x00000000080160e5        0x3 
 .rodata        0x00000000080160e8      0x178 obj/main/usb_config.o
                0x00000000080160f0                USB_CONFIGURATION
 .rodata        0x0000000008016260        0xc obj/stm32lib/core_progmem.o
                0x0000000008016260                core_progmem_writer
 .rodata        0x000000000801626c       0x94 obj/stm32lib/exception.o
 .rodata.str1.4
                0x0000000008016300        0xe obj/stm32lib/exception.o
                                         0x10 (size before relaxing)
 *fill*         0x000000000801630e        0x2 
 .rodata        0x0000000008016310       0x10 obj/stm32lib/format.o
 .rodata        0x0000000008016320       0x30 obj/stm32lib/init.o
 .rodata.str1.4
                0x0000000008016350        0x4 obj/usb/dev.o
 .rodata        0x0000000008016354        0x2 obj/usb/ep0.o
 *fill*         0x0000000008016356        0x2 
 .rodata.str1.4
                0x0000000008016358        0x5 /usr/lib/gcc/arm-none-eabi/4.8.2/../../../arm-none-eabi/lib/armv7e-m/fpu/libm.a(lib_a-w_fmod.o)
                                          0x8 (size before relaxing)
 *fill*         0x000000000801635d        0x3 
 .rodata.str1.4
                0x0000000008016360        0x6 /usr/lib/gcc/arm-none-eabi/4.8.2/../../../arm-none-eabi/lib/armv7e-m/fpu/libm.a(lib_a-wf_sqrt.o)
                                          0x8 (size before relaxing)
 *fill*         0x0000000008016366        0x2 
 .rodata.Zero   0x0000000008016368       0x10 /usr/lib/gcc/arm-none-eabi/4.8.2/../../../arm-none-eabi/lib/armv7e-m/fpu/libm.a(lib_a-e_fmod.o)
 .rodata.npio2_hw
                0x0000000008016378       0x80 /usr/lib/gcc/arm-none-eabi/4.8.2/../../../arm-none-eabi/lib/armv7e-m/fpu/libm.a(lib_a-ef_rem_pio2.o)
 .rodata.two_over_pi
                0x00000000080163f8      0x318 /usr/lib/gcc/arm-none-eabi/4.8.2/../../../arm-none-eabi/lib/armv7e-m/fpu/libm.a(lib_a-ef_rem_pio2.o)
 .rodata.init_jk
                0x0000000008016710        0xc /usr/lib/gcc/arm-none-eabi/4.8.2/../../../arm-none-eabi/lib/armv7e-m/fpu/libm.a(lib_a-kf_rem_pio2.o)
 .rodata.PIo2   0x000000000801671c       0x2c /usr/lib/gcc/arm-none-eabi/4.8.2/../../../arm-none-eabi/lib/armv7e-m/fpu/libm.a(lib_a-kf_rem_pio2.o)
 .rodata.atanlo
                0x0000000008016748       0x10 /usr/lib/gcc/arm-none-eabi/4.8.2/../../../arm-none-eabi/lib/armv7e-m/fpu/libm.a(lib_a-sf_atan.o)
 .rodata.atanhi
                0x0000000008016758       0x10 /usr/lib/gcc/arm-none-eabi/4.8.2/../../../arm-none-eabi/lib/armv7e-m/fpu/libm.a(lib_a-sf_atan.o)
 .rodata.str1.4
                0x0000000008016768        0x2 /usr/lib/gcc/arm-none-eabi/4.8.2/../../../arm-none-eabi/lib/armv7e-m/fpu/libg.a(lib_a-impure.o)
                                          0x4 (size before relaxing)
 *fill*         0x000000000801676a        0x2 
 .rodata._global_impure_ptr
                0x000000000801676c        0x4 /usr/lib/gcc/arm-none-eabi/4.8.2/../../../arm-none-eabi/lib/armv7e-m/fpu/libg.a(lib_a-impure.o)
                0x000000000801676c                _global_impure_ptr
 .rodata.str1.4
                0x0000000000000000        0x2 /usr/lib/gcc/arm-none-eabi/4.8.2/../../../arm-none-eabi/lib/armv7e-m/fpu/libg.a(lib_a-puts.o)
                                          0x4 (size before relaxing)
 .rodata.blanks.6717
                0x0000000008016770       0x10 /usr/lib/gcc/arm-none-eabi/4.8.2/../../../arm-none-eabi/lib/armv7e-m/fpu/libg.a(lib_a-vfiprintf.o)
 .rodata.str1.4
                0x0000000008016780       0x2f /usr/lib/gcc/arm-none-eabi/4.8.2/../../../arm-none-eabi/lib/armv7e-m/fpu/libg.a(lib_a-vfiprintf.o)
                                         0x30 (size before relaxing)
 *fill*         0x00000000080167af        0x1 
 .rodata.zeroes.6718
                0x00000000080167b0       0x10 /usr/lib/gcc/arm-none-eabi/4.8.2/../../../arm-none-eabi/lib/armv7e-m/fpu/libg.a(lib_a-vfiprintf.o)
 .rodata.zeroes.6775
                0x00000000080167c0       0x10 /usr/lib/gcc/arm-none-eabi/4.8.2/../../../arm-none-eabi/lib/armv7e-m/fpu/libg.a(lib_a-vfprintf.o)
 .rodata.str1.4
                0x00000000080167d0       0x12 /usr/lib/gcc/arm-none-eabi/4.8.2/../../../arm-none-eabi/lib/armv7e-m/fpu/libg.a(lib_a-vfprintf.o)
                                         0x44 (size before relaxing)
 *fill*         0x00000000080167e2        0x2 
 .rodata.blanks.6774
                0x00000000080167e4       0x10 /usr/lib/gcc/arm-none-eabi/4.8.2/../../../arm-none-eabi/lib/armv7e-m/fpu/libg.a(lib_a-vfprintf.o)
 .rodata.str1.4
                0x00000000080167f4       0x10 /usr/lib/gcc/arm-none-eabi/4.8.2/../../../arm-none-eabi/lib/armv7e-m/fpu/libg.a(lib_a-dtoa.o)
                                         0x14 (size before relaxing)
 .rodata.str1.4
                0x0000000008016804        0xc /usr/lib/gcc/arm-none-eabi/4.8.2/../../../arm-none-eabi/lib/armv7e-m/fpu/libg.a(lib_a-locale.o)
                                         0x14 (size before relaxing)
 .rodata.__mprec_tens
                0x0000000008016810       0xc8 /usr/lib/gcc/arm-none-eabi/4.8.2/../../../arm-none-eabi/lib/armv7e-m/fpu/libg.a(lib_a-mprec.o)
                0x0000000008016810                __mprec_tens
 .rodata.__mprec_bigtens
                0x00000000080168d8       0x28 /usr/lib/gcc/arm-none-eabi/4.8.2/../../../arm-none-eabi/lib/armv7e-m/fpu/libg.a(lib_a-mprec.o)
                0x00000000080168d8                __mprec_bigtens
 .rodata.p05.5266
                0x0000000008016900        0xc /usr/lib/gcc/arm-none-eabi/4.8.2/../../../arm-none-eabi/lib/armv7e-m/fpu/libg.a(lib_a-mprec.o)

.ARM.exidx      0x000000000801690c        0x8
 .ARM.exidx     0x000000000801690c        0x8 /usr/lib/gcc/arm-none-eabi/4.8.2/armv7e-m/fpu/libgcc.a(_divdi3.o)
 .ARM.exidx     0x0000000008016914        0x0 /usr/lib/gcc/arm-none-eabi/4.8.2/armv7e-m/fpu/libgcc.a(_udivdi3.o)
                                          0x8 (size before relaxing)

.pdata          0x0000000020000000        0x2 load address 0x0000000008016914
 *(.pdata .pdata.*)
 .pdata         0x0000000020000000        0x2 obj/main/main.o

.data           0x0000000020000008     0x41cc load address 0x0000000008016916
 *(.data .data.*)
 .data          0x0000000020000008        0x4 obj/freertos/source/port.o
 .data          0x000000002000000c        0x4 obj/main/charger.o
 .data          0x0000000020000010        0x1 obj/main/dribbler.o
 *fill*         0x0000000020000011        0x3 
 .data          0x0000000020000014       0x44 obj/main/feedback.o
 .data          0x0000000020000058        0x1 obj/main/log.o
 *fill*         0x0000000020000059        0x3 
 .data          0x000000002000005c        0x4 obj/main/lps.o
 .data          0x0000000020000060       0x34 obj/main/main.o
 .data          0x0000000020000094        0x1 obj/main/mrf.o
 .data          0x0000000020000095        0x1 obj/main/receive.o
 *fill*         0x0000000020000096        0x2 
 .data          0x0000000020000098     0x3894 obj/stm32lib/exception.o
 .data          0x000000002000392c        0x4 obj/stm32lib/libcsupport.o
 .data.__fdlib_version
                0x0000000020003930        0x1 /usr/lib/gcc/arm-none-eabi/4.8.2/../../../arm-none-eabi/lib/armv7e-m/fpu/libm.a(lib_a-s_lib_ver.o)
                0x0000000020003930                __fdlib_version
 *fill*         0x0000000020003931        0x7 
 .data.impure_data
                0x0000000020003938      0x428 /usr/lib/gcc/arm-none-eabi/4.8.2/../../../arm-none-eabi/lib/armv7e-m/fpu/libg.a(lib_a-impure.o)
 .data._impure_ptr
                0x0000000020003d60        0x4 /usr/lib/gcc/arm-none-eabi/4.8.2/../../../arm-none-eabi/lib/armv7e-m/fpu/libg.a(lib_a-impure.o)
                0x0000000020003d60                _impure_ptr
 .data.__malloc_av_
                0x0000000020003d64      0x408 /usr/lib/gcc/arm-none-eabi/4.8.2/../../../arm-none-eabi/lib/armv7e-m/fpu/libg.a(lib_a-mallocr.o)
                0x0000000020003d64                __malloc_av_
 .data.__malloc_trim_threshold
                0x000000002000416c        0x4 /usr/lib/gcc/arm-none-eabi/4.8.2/../../../arm-none-eabi/lib/armv7e-m/fpu/libg.a(lib_a-mallocr.o)
                0x000000002000416c                __malloc_trim_threshold
 .data.__malloc_sbrk_base
                0x0000000020004170        0x4 /usr/lib/gcc/arm-none-eabi/4.8.2/../../../arm-none-eabi/lib/armv7e-m/fpu/libg.a(lib_a-mallocr.o)
                0x0000000020004170                __malloc_sbrk_base
 .data.lconv    0x0000000020004174       0x38 /usr/lib/gcc/arm-none-eabi/4.8.2/../../../arm-none-eabi/lib/armv7e-m/fpu/libg.a(lib_a-locale.o)
 .data.lc_ctype_charset
                0x00000000200041ac       0x20 /usr/lib/gcc/arm-none-eabi/4.8.2/../../../arm-none-eabi/lib/armv7e-m/fpu/libg.a(lib_a-locale.o)
 .data.__mb_cur_max
                0x00000000200041cc        0x4 /usr/lib/gcc/arm-none-eabi/4.8.2/../../../arm-none-eabi/lib/armv7e-m/fpu/libg.a(lib_a-locale.o)
                0x00000000200041cc                __mb_cur_max
 .data.__wctomb
                0x00000000200041d0        0x4 /usr/lib/gcc/arm-none-eabi/4.8.2/../../../arm-none-eabi/lib/armv7e-m/fpu/libg.a(lib_a-wctomb_r.o)
                0x00000000200041d0                __wctomb

.igot.plt       0x00000000200041d4        0x0 load address 0x000000000801aae2
 .igot.plt      0x0000000000000000        0x0 /usr/lib/gcc/arm-none-eabi/4.8.2/armv7e-m/fpu/crtbegin.o

dma             0x00000000200041e0      0x200 load address 0x000000000801aae2
                0x00000000200041e0                PROVIDE (__start_dma, .)
 dma            0x00000000200041e0      0x200 obj/main/upgrade/common.o
                0x00000000200043e0                PROVIDE (__stop_dma, .)

.ramtext        0x00000000200043e0      0x220 load address 0x000000000801ace2
 *(.ramtext .ramtext.*)
 .ramtext       0x00000000200043e0      0x220 obj/main/upgrade/fw.o

.rel.dyn        0x0000000020004600        0x0 load address 0x000000000801af02
 .rel.iplt      0x0000000000000000        0x0 /usr/lib/gcc/arm-none-eabi/4.8.2/armv7e-m/fpu/crtbegin.o

.coredump       0x00000000080c0000    0x40000
 *(.coredump)
 .coredump      0x00000000080c0000    0x40000 obj/stm32lib/core_progmem.o
                0x00000000080c0000                core_progmem_dump

.bss            0x0000000020004600     0x2dc0
 *(.bss .bss.*)
 .bss           0x0000000020004600     0x110c obj/cdcacm/cdcacm.o
 .bss           0x000000002000570c        0x1 obj/freertos/source/port.o
 *fill*         0x000000002000570d        0x3 
 .bss           0x0000000020005710      0x128 obj/freertos/source/tasks.o
                0x0000000020005714                pxCurrentTCB
 .bss           0x0000000020005838      0x1a8 obj/main/adc.o
 .bss           0x00000000200059e0        0xc obj/main/breakbeam.o
 .bss           0x00000000200059ec        0x2 obj/main/charger.o
 *fill*         0x00000000200059ee        0x2 
 .bss           0x00000000200059f0       0x18 obj/main/chicker.o
 .bss           0x0000000020005a08        0x4 obj/main/circbuff.o
 .bss           0x0000000020005a0c       0x10 obj/main/control.o
 *fill*         0x0000000020005a1c        0x4 
 .bss           0x0000000020005a20      0x510 obj/main/dr.o
 .bss           0x0000000020005f30       0x1c obj/main/dribbler.o
 .bss           0x0000000020005f4c       0x10 obj/main/encoder.o
 .bss           0x0000000020005f5c       0x24 obj/main/error.o
 .bss           0x0000000020005f80       0x68 obj/main/feedback.o
 .bss           0x0000000020005fe8       0x24 obj/main/hall.o
 .bss           0x000000002000600c      0x150 obj/main/icb.o
                0x0000000020006158                checked_sr
 .bss           0x000000002000615c        0xc obj/main/leds.o
 .bss           0x0000000020006168      0x1d4 obj/main/log.o
 .bss           0x000000002000633c       0x64 obj/main/lps.o
 .bss           0x00000000200063a0      0x128 obj/main/main.o
                0x00000000200063f0                main_shutdown_sem
 .bss           0x00000000200064c8       0x14 obj/main/motor.o
 *fill*         0x00000000200064dc        0x4 
 .bss           0x00000000200064e0      0x140 obj/main/mrf.o
 .bss           0x0000000020006620        0xc obj/main/primitives/direct_velocity.o
 .bss           0x000000002000662c       0x18 obj/main/primitives/dribble.o
 .bss           0x0000000020006644       0x10 obj/main/primitives/imu_test.o
 .bss           0x0000000020006654       0x18 obj/main/primitives/jcatch.o
 .bss           0x000000002000666c       0x24 obj/main/primitives/move.o